2025-03-03 16:14:43 - INFO - [config.py:133] - MainThread - 系统配置初始化完成
2025-03-03 16:14:43 - INFO - [main.py:278] - MainThread - 系统启动中...
2025-03-03 16:14:43 - INFO - [main.py:128] - MainThread - 界面组件初始化完成
2025-03-03 16:14:43 - INFO - [main.py:32] - MainThread - 控制面板初始化完成
2025-03-03 16:14:45 - ERROR - [processor.py:124] - MainThread - 组件初始化失败: 'VideoProcessor' object has no attribute '_init_capture'
2025-03-03 16:14:45 - ERROR - [processor.py:81] - MainThread - 摄像头0初始化失败: 组件初始化失败: 'VideoProcessor' object has no attribute '_init_capture'
Traceback (most recent call last):
  File "C:\Users\33881\Desktop\ICU_Mediapipe\processor.py", line 116, in _init_components
    self.cap = self._init_capture()
AttributeError: 'VideoProcessor' object has no attribute '_init_capture'

The above exception was the direct cause of the following exception:

Traceback (most recent call last):
  File "C:\Users\33881\Desktop\ICU_Mediapipe\processor.py", line 77, in __init__
    self._init_components()
  File "C:\Users\33881\Desktop\ICU_Mediapipe\processor.py", line 125, in _init_components
    raise ResourceError(error_msg, 1003) from e
processor.ResourceError: 组件初始化失败: 'VideoProcessor' object has no attribute '_init_capture'

2025-03-03 16:14:45 - ERROR - [processor.py:266] - MainThread - 启动摄像头0失败: 摄像头0初始化失败: 组件初始化失败: 'VideoProcessor' object has no attribute '_init_capture'
2025-03-03 16:14:46 - ERROR - [main.py:168] - MainThread - 摄像头0启动失败: 摄像头不可用或不存在
2025-03-03 16:14:46 - ERROR - [processor.py:124] - MainThread - 组件初始化失败: 'VideoProcessor' object has no attribute '_init_capture'
2025-03-03 16:14:46 - ERROR - [processor.py:81] - MainThread - 摄像头1初始化失败: 组件初始化失败: 'VideoProcessor' object has no attribute '_init_capture'
Traceback (most recent call last):
  File "C:\Users\33881\Desktop\ICU_Mediapipe\processor.py", line 116, in _init_components
    self.cap = self._init_capture()
AttributeError: 'VideoProcessor' object has no attribute '_init_capture'

The above exception was the direct cause of the following exception:

Traceback (most recent call last):
  File "C:\Users\33881\Desktop\ICU_Mediapipe\processor.py", line 77, in __init__
    self._init_components()
  File "C:\Users\33881\Desktop\ICU_Mediapipe\processor.py", line 125, in _init_components
    raise ResourceError(error_msg, 1003) from e
processor.ResourceError: 组件初始化失败: 'VideoProcessor' object has no attribute '_init_capture'

2025-03-03 16:14:46 - ERROR - [processor.py:266] - MainThread - 启动摄像头1失败: 摄像头1初始化失败: 组件初始化失败: 'VideoProcessor' object has no attribute '_init_capture'
2025-03-03 16:14:47 - ERROR - [main.py:168] - MainThread - 摄像头1启动失败: 摄像头不可用或不存在
2025-03-03 16:14:51 - INFO - [main.py:208] - MainThread - 系统正在关闭...
2025-03-03 16:14:51 - INFO - [main.py:175] - MainThread - 所有摄像头已停止
2025-03-03 16:31:11 - INFO - [config.py:183] - 系统配置初始化完成
2025-03-03 16:31:11 - INFO - [main.py:289] - 系统启动中...
2025-03-03 16:31:12 - INFO - [main.py:128] - 界面组件初始化完成
2025-03-03 16:31:12 - INFO - [main.py:32] - 控制面板初始化完成
2025-03-03 16:31:20 - INFO - [processor.py:45] - 摄像头0初始化完成
2025-03-03 16:31:20 - INFO - [main.py:165] - 摄像头 0 已启动
2025-03-03 16:31:25 - INFO - [processor.py:45] - 摄像头1初始化完成
2025-03-03 16:31:25 - INFO - [main.py:165] - 摄像头 1 已启动
2025-03-03 16:31:30 - ERROR - [processor.py:312] - 资源释放失败: Closing SolutionBase._graph which is already None
2025-03-03 16:31:30 - ERROR - [processor.py:312] - 资源释放失败: Closing SolutionBase._graph which is already None
2025-03-03 16:31:30 - INFO - [main.py:186] - 所有摄像头已停止
2025-03-03 16:31:31 - INFO - [main.py:219] - 系统正在关闭...
2025-03-03 16:31:31 - INFO - [main.py:186] - 所有摄像头已停止
2025-03-10 18:36:46 - INFO - [config.py:183] - 系统配置初始化完成
2025-03-10 18:36:47 - INFO - [main.py:289] - 系统启动中...
2025-03-10 18:36:47 - INFO - [main.py:128] - 界面组件初始化完成
2025-03-10 18:36:47 - INFO - [main.py:32] - 控制面板初始化完成
2025-03-10 18:36:59 - INFO - [processor.py:45] - 摄像头0初始化完成
2025-03-10 18:36:59 - INFO - [main.py:165] - 摄像头 0 已启动
2025-03-10 18:37:03 - INFO - [processor.py:45] - 摄像头1初始化完成
2025-03-10 18:37:03 - INFO - [main.py:165] - 摄像头 1 已启动
2025-03-10 18:37:08 - INFO - [processor.py:227] - Camera 0 触发 5秒 报警
2025-03-10 18:37:08 - INFO - [processor.py:227] - Camera 1 触发 5秒 报警
2025-03-10 18:37:13 - INFO - [processor.py:227] - Camera 1 触发 10秒 报警
2025-03-10 18:37:17 - INFO - [processor.py:227] - Camera 0 触发 5秒 报警
2025-03-10 18:37:18 - INFO - [processor.py:227] - Camera 1 触发 15秒 报警
2025-03-10 18:37:31 - INFO - [processor.py:227] - Camera 1 触发 5秒 报警
2025-03-10 18:37:31 - WARNING - [processor.py:292] - 摄像头1 断流，尝试重连...
2025-03-10 18:37:34 - INFO - [processor.py:299] - 摄像头1 重连成功
2025-03-10 18:37:37 - WARNING - [processor.py:292] - 摄像头1 断流，尝试重连...
2025-03-10 18:37:38 - ERROR - [processor.py:301] - 摄像头1 重连失败: 摄像头打开失败
2025-03-10 18:37:38 - WARNING - [processor.py:292] - 摄像头1 断流，尝试重连...
2025-03-10 18:37:39 - ERROR - [processor.py:301] - 摄像头1 重连失败: 摄像头打开失败
2025-03-10 18:37:39 - WARNING - [processor.py:292] - 摄像头1 断流，尝试重连...
2025-03-10 18:37:40 - ERROR - [processor.py:301] - 摄像头1 重连失败: 摄像头打开失败
2025-03-10 18:37:40 - WARNING - [processor.py:292] - 摄像头1 断流，尝试重连...
2025-03-10 18:37:42 - INFO - [processor.py:299] - 摄像头1 重连成功
2025-03-10 18:37:43 - INFO - [processor.py:227] - Camera 1 触发 5秒 报警
2025-03-10 18:37:45 - INFO - [processor.py:227] - Camera 1 触发 10秒 报警
2025-03-10 18:37:50 - ERROR - [processor.py:312] - 资源释放失败: 'NoneType' object has no attribute 'close'
2025-03-10 18:37:51 - ERROR - [processor.py:312] - 资源释放失败: 'NoneType' object has no attribute 'close'
2025-03-10 18:37:51 - INFO - [main.py:186] - 所有摄像头已停止
2025-03-10 18:37:58 - INFO - [processor.py:45] - 摄像头0初始化完成
2025-03-10 18:37:58 - INFO - [main.py:165] - 摄像头 0 已启动
2025-03-10 18:38:01 - INFO - [processor.py:45] - 摄像头1初始化完成
2025-03-10 18:38:01 - INFO - [main.py:165] - 摄像头 1 已启动
2025-03-10 18:38:39 - INFO - [processor.py:227] - Camera 1 触发 5秒 报警
2025-03-10 18:38:42 - ERROR - [processor.py:312] - 资源释放失败: 'NoneType' object has no attribute 'close'
2025-03-10 18:38:43 - ERROR - [processor.py:312] - 资源释放失败: 'NoneType' object has no attribute 'close'
2025-03-10 18:38:43 - INFO - [main.py:186] - 所有摄像头已停止
2025-03-10 18:38:47 - INFO - [main.py:186] - 所有摄像头已停止
2025-03-10 18:38:49 - INFO - [main.py:219] - 系统正在关闭...
2025-03-10 18:38:49 - INFO - [main.py:186] - 所有摄像头已停止
2025-03-10 18:38:52 - INFO - [config.py:183] - 系统配置初始化完成
2025-03-10 18:38:52 - INFO - [main.py:289] - 系统启动中...
2025-03-10 18:38:52 - INFO - [main.py:128] - 界面组件初始化完成
2025-03-10 18:38:52 - INFO - [main.py:32] - 控制面板初始化完成
2025-03-10 18:38:59 - INFO - [processor.py:45] - 摄像头0初始化完成
2025-03-10 18:38:59 - INFO - [main.py:165] - 摄像头 0 已启动
2025-03-10 18:39:03 - INFO - [processor.py:45] - 摄像头1初始化完成
2025-03-10 18:39:03 - INFO - [main.py:165] - 摄像头 1 已启动
2025-03-10 18:39:08 - INFO - [processor.py:227] - Camera 1 触发 5秒 报警
2025-03-10 18:39:13 - INFO - [processor.py:227] - Camera 1 触发 10秒 报警
2025-03-10 18:39:18 - INFO - [processor.py:227] - Camera 1 触发 15秒 报警
2025-03-10 18:39:33 - INFO - [processor.py:227] - Camera 1 触发 30秒 报警
2025-03-10 18:40:04 - INFO - [processor.py:227] - Camera 1 触发 5秒 报警
2025-03-10 18:40:09 - INFO - [processor.py:227] - Camera 1 触发 10秒 报警
2025-03-10 18:40:14 - INFO - [processor.py:227] - Camera 1 触发 15秒 报警
2025-03-10 18:40:24 - ERROR - [processor.py:312] - 资源释放失败: 'NoneType' object has no attribute 'close'
2025-03-10 18:40:25 - ERROR - [processor.py:312] - 资源释放失败: 'NoneType' object has no attribute 'close'
2025-03-10 18:40:25 - INFO - [main.py:186] - 所有摄像头已停止
2025-03-10 18:40:25 - INFO - [main.py:219] - 系统正在关闭...
2025-03-10 18:40:25 - INFO - [main.py:186] - 所有摄像头已停止
2025-03-10 18:47:56 - INFO - [config.py:183] - 系统配置初始化完成
2025-03-10 18:47:56 - INFO - [main.py:363] - 系统启动中...
2025-03-10 18:47:56 - INFO - [main.py:161] - 界面组件初始化完成
2025-03-10 18:47:56 - INFO - [main.py:32] - 控制面板初始化完成
2025-03-10 18:48:15 - INFO - [main.py:202] - 参数设置已更新
2025-03-10 18:48:19 - INFO - [main.py:202] - 参数设置已更新
2025-03-10 18:48:27 - INFO - [main.py:202] - 参数设置已更新
2025-03-10 18:48:29 - INFO - [main.py:202] - 参数设置已更新
2025-03-10 18:48:38 - INFO - [processor.py:45] - 摄像头0初始化完成
2025-03-10 18:48:38 - INFO - [main.py:218] - 摄像头 0 已启动
2025-03-10 18:48:42 - INFO - [processor.py:45] - 摄像头1初始化完成
2025-03-10 18:48:42 - INFO - [main.py:218] - 摄像头 1 已启动
2025-03-10 18:48:47 - INFO - [processor.py:227] - Camera 1 触发 5秒 报警
2025-03-10 18:48:52 - INFO - [processor.py:227] - Camera 1 触发 10秒 报警
2025-03-10 18:48:57 - INFO - [processor.py:227] - Camera 1 触发 15秒 报警
2025-03-10 18:49:21 - INFO - [main.py:202] - 参数设置已更新
2025-03-10 18:49:23 - ERROR - [processor.py:312] - 资源释放失败: 'NoneType' object has no attribute 'close'
2025-03-10 18:49:23 - ERROR - [processor.py:312] - 资源释放失败: 'NoneType' object has no attribute 'close'
2025-03-10 18:49:23 - INFO - [main.py:239] - 所有摄像头已停止
2025-03-10 18:49:26 - INFO - [main.py:272] - 系统正在关闭...
2025-03-10 18:49:26 - INFO - [main.py:239] - 所有摄像头已停止
2025-03-10 18:52:51 - INFO - [config.py:183] - 系统配置初始化完成
2025-03-10 18:52:51 - INFO - [main.py:389] - 系统启动中...
2025-03-10 18:52:52 - INFO - [main.py:161] - 界面组件初始化完成
2025-03-10 18:52:52 - INFO - [main.py:32] - 控制面板初始化完成
2025-03-10 18:53:02 - INFO - [main.py:228] - 参数设置已更新
2025-03-10 18:53:06 - INFO - [main.py:228] - 参数设置已更新
2025-03-10 18:53:13 - INFO - [processor.py:45] - 摄像头0初始化完成
2025-03-10 18:53:13 - INFO - [main.py:244] - 摄像头 0 已启动
2025-03-10 18:53:16 - INFO - [processor.py:45] - 摄像头1初始化完成
2025-03-10 18:53:16 - INFO - [main.py:244] - 摄像头 1 已启动
2025-03-10 18:53:22 - INFO - [processor.py:227] - Camera 1 触发 5秒 报警
2025-03-10 18:53:27 - INFO - [processor.py:227] - Camera 1 触发 10秒 报警
2025-03-10 18:53:32 - INFO - [processor.py:227] - Camera 1 触发 15秒 报警
2025-03-10 18:53:56 - INFO - [processor.py:227] - Camera 1 触发 5秒 报警
2025-03-10 18:54:01 - INFO - [processor.py:227] - Camera 1 触发 10秒 报警
2025-03-10 18:54:06 - INFO - [processor.py:227] - Camera 1 触发 15秒 报警
2025-03-10 18:54:21 - INFO - [processor.py:227] - Camera 1 触发 30秒 报警
2025-03-10 18:54:25 - ERROR - [processor.py:312] - 资源释放失败: 'NoneType' object has no attribute 'close'
2025-03-10 18:54:25 - ERROR - [processor.py:312] - 资源释放失败: 'NoneType' object has no attribute 'close'
2025-03-10 18:54:25 - INFO - [main.py:265] - 所有摄像头已停止
2025-03-10 18:54:33 - INFO - [main.py:265] - 所有摄像头已停止
2025-03-10 18:54:36 - INFO - [main.py:298] - 系统正在关闭...
2025-03-10 18:54:36 - INFO - [main.py:265] - 所有摄像头已停止
2025-03-10 18:58:59 - INFO - [config.py:183] - 系统配置初始化完成
2025-03-10 18:58:59 - INFO - [main.py:396] - 系统启动中...
2025-03-10 18:58:59 - INFO - [main.py:161] - 界面组件初始化完成
2025-03-10 18:58:59 - INFO - [main.py:32] - 控制面板初始化完成
2025-03-10 18:59:07 - INFO - [main.py:235] - 参数设置已更新
2025-03-10 18:59:10 - INFO - [main.py:235] - 参数设置已更新
2025-03-10 18:59:17 - INFO - [processor.py:45] - 摄像头0初始化完成
2025-03-10 18:59:17 - INFO - [main.py:251] - 摄像头 0 已启动
2025-03-10 18:59:20 - INFO - [processor.py:45] - 摄像头1初始化完成
2025-03-10 18:59:20 - INFO - [main.py:251] - 摄像头 1 已启动
2025-03-10 18:59:26 - INFO - [processor.py:227] - Camera 1 触发 5秒 报警
2025-03-10 18:59:31 - INFO - [processor.py:227] - Camera 1 触发 10秒 报警
2025-03-10 18:59:34 - INFO - [main.py:284] - 报警已暂停
2025-03-10 18:59:36 - INFO - [processor.py:227] - Camera 1 触发 15秒 报警
2025-03-10 18:59:37 - ERROR - [processor.py:312] - 资源释放失败: 'NoneType' object has no attribute 'close'
2025-03-10 18:59:37 - ERROR - [processor.py:312] - 资源释放失败: 'NoneType' object has no attribute 'close'
2025-03-10 18:59:37 - INFO - [main.py:272] - 所有摄像头已停止
2025-03-10 18:59:38 - INFO - [main.py:305] - 系统正在关闭...
2025-03-10 18:59:38 - INFO - [main.py:272] - 所有摄像头已停止
2025-03-10 19:18:04 - INFO - [config.py:183] - 系统配置初始化完成
2025-03-10 19:18:04 - INFO - [main.py:405] - 系统启动中...
2025-03-10 19:18:04 - INFO - [main.py:161] - 界面组件初始化完成
2025-03-10 19:18:04 - INFO - [main.py:32] - 控制面板初始化完成
2025-03-10 19:18:45 - INFO - [main.py:244] - 参数设置已更新
2025-03-10 19:18:48 - INFO - [main.py:244] - 参数设置已更新
2025-03-10 19:18:54 - INFO - [processor.py:45] - 摄像头0初始化完成
2025-03-10 19:18:54 - INFO - [main.py:260] - 摄像头 0 已启动
2025-03-10 19:18:58 - INFO - [processor.py:45] - 摄像头1初始化完成
2025-03-10 19:18:58 - INFO - [main.py:260] - 摄像头 1 已启动
2025-03-10 19:19:06 - ERROR - [processor.py:312] - 资源释放失败: 'NoneType' object has no attribute 'close'
2025-03-10 19:19:06 - ERROR - [processor.py:312] - 资源释放失败: 'NoneType' object has no attribute 'close'
2025-03-10 19:19:06 - INFO - [main.py:281] - 所有摄像头已停止
2025-03-10 19:19:07 - INFO - [main.py:314] - 系统正在关闭...
2025-03-10 19:19:07 - INFO - [main.py:281] - 所有摄像头已停止
2025-03-10 19:19:10 - INFO - [config.py:183] - 系统配置初始化完成
2025-03-10 19:19:10 - INFO - [main.py:405] - 系统启动中...
2025-03-10 19:19:10 - INFO - [main.py:161] - 界面组件初始化完成
2025-03-10 19:19:10 - INFO - [main.py:32] - 控制面板初始化完成
2025-03-10 19:19:18 - INFO - [main.py:244] - 参数设置已更新
2025-03-10 19:19:22 - INFO - [main.py:244] - 参数设置已更新
2025-03-10 19:19:29 - INFO - [processor.py:45] - 摄像头0初始化完成
2025-03-10 19:19:29 - INFO - [main.py:260] - 摄像头 0 已启动
2025-03-10 19:19:32 - INFO - [processor.py:45] - 摄像头1初始化完成
2025-03-10 19:19:32 - INFO - [main.py:260] - 摄像头 1 已启动
2025-03-10 19:19:52 - ERROR - [processor.py:312] - 资源释放失败: 'NoneType' object has no attribute 'close'
2025-03-10 19:19:52 - ERROR - [processor.py:312] - 资源释放失败: 'NoneType' object has no attribute 'close'
2025-03-10 19:19:58 - INFO - [processor.py:45] - 摄像头0初始化完成
2025-03-10 19:19:58 - INFO - [main.py:221] - 摄像头 0 已重启以应用新的ROI设置
2025-03-10 19:20:01 - INFO - [processor.py:45] - 摄像头1初始化完成
2025-03-10 19:20:01 - INFO - [main.py:221] - 摄像头 1 已重启以应用新的ROI设置
2025-03-10 19:20:01 - INFO - [main.py:244] - 参数设置已更新
2025-03-10 19:20:07 - WARNING - [processor.py:407] - 摄像头0已在运行
2025-03-10 19:20:08 - ERROR - [main.py:266] - 摄像头0运行错误: 摄像头0已在运行
2025-03-10 19:20:08 - WARNING - [processor.py:407] - 摄像头1已在运行
2025-03-10 19:20:08 - ERROR - [main.py:266] - 摄像头1运行错误: 摄像头1已在运行
2025-03-10 19:20:10 - INFO - [processor.py:227] - Camera 1 触发 5秒 报警
2025-03-10 19:20:15 - INFO - [processor.py:227] - Camera 1 触发 10秒 报警
2025-03-10 19:20:15 - ERROR - [processor.py:312] - 资源释放失败: 'NoneType' object has no attribute 'close'
2025-03-10 19:20:16 - ERROR - [processor.py:312] - 资源释放失败: 'NoneType' object has no attribute 'close'
2025-03-10 19:20:16 - INFO - [main.py:281] - 所有摄像头已停止
2025-03-10 19:20:17 - INFO - [main.py:281] - 所有摄像头已停止
2025-03-10 19:20:19 - INFO - [main.py:293] - 报警已暂停
2025-03-10 19:20:20 - INFO - [main.py:314] - 系统正在关闭...
2025-03-10 19:20:20 - INFO - [main.py:281] - 所有摄像头已停止
2025-03-10 19:22:27 - INFO - [config.py:183] - 系统配置初始化完成
2025-03-10 19:22:27 - INFO - [main.py:405] - 系统启动中...
2025-03-10 19:22:27 - INFO - [main.py:161] - 界面组件初始化完成
2025-03-10 19:22:27 - INFO - [main.py:32] - 控制面板初始化完成
2025-03-10 19:22:42 - INFO - [main.py:244] - 参数设置已更新
2025-03-10 19:23:02 - INFO - [main.py:244] - 参数设置已更新
2025-03-10 19:23:09 - INFO - [processor.py:45] - 摄像头0初始化完成
2025-03-10 19:23:09 - INFO - [main.py:260] - 摄像头 0 已启动
2025-03-10 19:23:12 - INFO - [processor.py:45] - 摄像头1初始化完成
2025-03-10 19:23:12 - INFO - [main.py:260] - 摄像头 1 已启动
2025-03-10 19:23:27 - INFO - [processor.py:227] - Camera 1 触发 10秒 报警
2025-03-10 19:23:32 - INFO - [processor.py:227] - Camera 1 触发 15秒 报警
2025-03-10 19:23:47 - INFO - [processor.py:227] - Camera 1 触发 30秒 报警
2025-03-10 19:23:52 - INFO - [processor.py:227] - Camera 1 触发 35秒 报警
2025-03-10 19:23:58 - ERROR - [processor.py:312] - 资源释放失败: 'NoneType' object has no attribute 'close'
2025-03-10 19:23:58 - ERROR - [processor.py:312] - 资源释放失败: 'NoneType' object has no attribute 'close'
2025-03-10 19:23:58 - INFO - [main.py:281] - 所有摄像头已停止
2025-03-10 19:23:59 - INFO - [main.py:314] - 系统正在关闭...
2025-03-10 19:23:59 - INFO - [main.py:281] - 所有摄像头已停止
2025-03-10 19:35:11 - INFO - [config.py:183] - 系统配置初始化完成
2025-03-10 19:35:11 - INFO - [main.py:421] - 系统启动中...
2025-03-10 19:35:11 - INFO - [main.py:161] - 界面组件初始化完成
2025-03-10 19:35:11 - INFO - [main.py:32] - 控制面板初始化完成
2025-03-10 19:35:28 - INFO - [main.py:211] - 摄像头 0 ROI设置已更新: {'x': 200, 'y': 100, 'w': 400, 'h': 300}
2025-03-10 19:35:28 - INFO - [main.py:211] - 摄像头 1 ROI设置已更新: {'x': 200, 'y': 100, 'w': 800, 'h': 600}
2025-03-10 19:35:28 - INFO - [main.py:260] - 参数设置已更新
2025-03-10 19:35:38 - INFO - [processor.py:45] - 摄像头0初始化完成
2025-03-10 19:35:38 - INFO - [main.py:276] - 摄像头 0 已启动
2025-03-10 19:35:39 - ERROR - [processor.py:150] - 帧处理错误: 'VideoProcessor' object has no attribute '_get_status_text'
2025-03-10 19:35:39 - ERROR - [processor.py:150] - 帧处理错误: 'VideoProcessor' object has no attribute '_get_status_text'
2025-03-10 19:35:39 - ERROR - [processor.py:150] - 帧处理错误: 'VideoProcessor' object has no attribute '_get_status_text'
2025-03-10 19:35:39 - ERROR - [processor.py:150] - 帧处理错误: 'VideoProcessor' object has no attribute '_get_status_text'
2025-03-10 19:35:39 - ERROR - [processor.py:150] - 帧处理错误: 'VideoProcessor' object has no attribute '_get_status_text'
2025-03-10 19:35:39 - ERROR - [processor.py:150] - 帧处理错误: 'VideoProcessor' object has no attribute '_get_status_text'
2025-03-10 19:35:39 - ERROR - [processor.py:150] - 帧处理错误: 'VideoProcessor' object has no attribute '_get_status_text'
2025-03-10 19:35:39 - ERROR - [processor.py:150] - 帧处理错误: 'VideoProcessor' object has no attribute '_get_status_text'
2025-03-10 19:35:39 - ERROR - [processor.py:150] - 帧处理错误: 'VideoProcessor' object has no attribute '_get_status_text'
2025-03-10 19:35:39 - ERROR - [processor.py:150] - 帧处理错误: 'VideoProcessor' object has no attribute '_get_status_text'
2025-03-10 19:35:39 - ERROR - [processor.py:150] - 帧处理错误: 'VideoProcessor' object has no attribute '_get_status_text'
2025-03-10 19:35:39 - ERROR - [processor.py:150] - 帧处理错误: 'VideoProcessor' object has no attribute '_get_status_text'
2025-03-10 19:35:39 - ERROR - [processor.py:150] - 帧处理错误: 'VideoProcessor' object has no attribute '_get_status_text'
2025-03-10 19:35:39 - ERROR - [processor.py:150] - 帧处理错误: 'VideoProcessor' object has no attribute '_get_status_text'
2025-03-10 19:35:40 - ERROR - [processor.py:150] - 帧处理错误: 'VideoProcessor' object has no attribute '_get_status_text'
2025-03-10 19:35:40 - ERROR - [processor.py:150] - 帧处理错误: 'VideoProcessor' object has no attribute '_get_status_text'
2025-03-10 19:35:40 - ERROR - [processor.py:150] - 帧处理错误: 'VideoProcessor' object has no attribute '_get_status_text'
2025-03-10 19:35:40 - ERROR - [processor.py:150] - 帧处理错误: 'VideoProcessor' object has no attribute '_get_status_text'
2025-03-10 19:35:40 - ERROR - [processor.py:150] - 帧处理错误: 'VideoProcessor' object has no attribute '_get_status_text'
2025-03-10 19:35:40 - ERROR - [processor.py:150] - 帧处理错误: 'VideoProcessor' object has no attribute '_get_status_text'
2025-03-10 19:35:40 - ERROR - [processor.py:150] - 帧处理错误: 'VideoProcessor' object has no attribute '_get_status_text'
2025-03-10 19:35:40 - ERROR - [processor.py:150] - 帧处理错误: 'VideoProcessor' object has no attribute '_get_status_text'
2025-03-10 19:35:40 - ERROR - [processor.py:150] - 帧处理错误: 'VideoProcessor' object has no attribute '_get_status_text'
2025-03-10 19:35:40 - ERROR - [processor.py:150] - 帧处理错误: 'VideoProcessor' object has no attribute '_get_status_text'
2025-03-10 19:35:40 - ERROR - [processor.py:150] - 帧处理错误: 'VideoProcessor' object has no attribute '_get_status_text'
2025-03-10 19:35:40 - ERROR - [processor.py:150] - 帧处理错误: 'VideoProcessor' object has no attribute '_get_status_text'
2025-03-10 19:35:40 - ERROR - [processor.py:150] - 帧处理错误: 'VideoProcessor' object has no attribute '_get_status_text'
2025-03-10 19:35:40 - ERROR - [processor.py:150] - 帧处理错误: 'VideoProcessor' object has no attribute '_get_status_text'
2025-03-10 19:35:40 - ERROR - [processor.py:150] - 帧处理错误: 'VideoProcessor' object has no attribute '_get_status_text'
2025-03-10 19:35:40 - ERROR - [processor.py:150] - 帧处理错误: 'VideoProcessor' object has no attribute '_get_status_text'
2025-03-10 19:35:40 - ERROR - [processor.py:150] - 帧处理错误: 'VideoProcessor' object has no attribute '_get_status_text'
2025-03-10 19:35:40 - ERROR - [processor.py:150] - 帧处理错误: 'VideoProcessor' object has no attribute '_get_status_text'
2025-03-10 19:35:40 - ERROR - [processor.py:150] - 帧处理错误: 'VideoProcessor' object has no attribute '_get_status_text'
2025-03-10 19:35:40 - ERROR - [processor.py:150] - 帧处理错误: 'VideoProcessor' object has no attribute '_get_status_text'
2025-03-10 19:35:40 - ERROR - [processor.py:150] - 帧处理错误: 'VideoProcessor' object has no attribute '_get_status_text'
2025-03-10 19:35:40 - ERROR - [processor.py:150] - 帧处理错误: 'VideoProcessor' object has no attribute '_get_status_text'
2025-03-10 19:35:40 - ERROR - [processor.py:150] - 帧处理错误: 'VideoProcessor' object has no attribute '_get_status_text'
2025-03-10 19:35:40 - ERROR - [processor.py:150] - 帧处理错误: 'VideoProcessor' object has no attribute '_get_status_text'
2025-03-10 19:35:40 - ERROR - [processor.py:150] - 帧处理错误: 'VideoProcessor' object has no attribute '_get_status_text'
2025-03-10 19:35:40 - ERROR - [processor.py:150] - 帧处理错误: 'VideoProcessor' object has no attribute '_get_status_text'
2025-03-10 19:35:40 - ERROR - [processor.py:150] - 帧处理错误: 'VideoProcessor' object has no attribute '_get_status_text'
2025-03-10 19:35:41 - ERROR - [processor.py:150] - 帧处理错误: 'VideoProcessor' object has no attribute '_get_status_text'
2025-03-10 19:35:41 - ERROR - [processor.py:150] - 帧处理错误: 'VideoProcessor' object has no attribute '_get_status_text'
2025-03-10 19:35:41 - ERROR - [processor.py:150] - 帧处理错误: 'VideoProcessor' object has no attribute '_get_status_text'
2025-03-10 19:35:41 - ERROR - [processor.py:150] - 帧处理错误: 'VideoProcessor' object has no attribute '_get_status_text'
2025-03-10 19:35:41 - ERROR - [processor.py:150] - 帧处理错误: 'VideoProcessor' object has no attribute '_get_status_text'
2025-03-10 19:35:41 - ERROR - [processor.py:150] - 帧处理错误: 'VideoProcessor' object has no attribute '_get_status_text'
2025-03-10 19:35:41 - ERROR - [processor.py:150] - 帧处理错误: 'VideoProcessor' object has no attribute '_get_status_text'
2025-03-10 19:35:41 - ERROR - [processor.py:150] - 帧处理错误: 'VideoProcessor' object has no attribute '_get_status_text'
2025-03-10 19:35:41 - ERROR - [processor.py:150] - 帧处理错误: 'VideoProcessor' object has no attribute '_get_status_text'
2025-03-10 19:35:41 - ERROR - [processor.py:150] - 帧处理错误: 'VideoProcessor' object has no attribute '_get_status_text'
2025-03-10 19:35:41 - ERROR - [processor.py:150] - 帧处理错误: 'VideoProcessor' object has no attribute '_get_status_text'
2025-03-10 19:35:41 - ERROR - [processor.py:150] - 帧处理错误: 'VideoProcessor' object has no attribute '_get_status_text'
2025-03-10 19:35:41 - ERROR - [processor.py:150] - 帧处理错误: 'VideoProcessor' object has no attribute '_get_status_text'
2025-03-10 19:35:41 - ERROR - [processor.py:150] - 帧处理错误: 'VideoProcessor' object has no attribute '_get_status_text'
2025-03-10 19:35:41 - ERROR - [processor.py:150] - 帧处理错误: 'VideoProcessor' object has no attribute '_get_status_text'
2025-03-10 19:35:41 - ERROR - [processor.py:150] - 帧处理错误: 'VideoProcessor' object has no attribute '_get_status_text'
2025-03-10 19:35:41 - ERROR - [processor.py:150] - 帧处理错误: 'VideoProcessor' object has no attribute '_get_status_text'
2025-03-10 19:35:41 - ERROR - [processor.py:150] - 帧处理错误: 'VideoProcessor' object has no attribute '_get_status_text'
2025-03-10 19:35:41 - ERROR - [processor.py:150] - 帧处理错误: 'VideoProcessor' object has no attribute '_get_status_text'
2025-03-10 19:35:41 - ERROR - [processor.py:150] - 帧处理错误: 'VideoProcessor' object has no attribute '_get_status_text'
2025-03-10 19:35:41 - ERROR - [processor.py:150] - 帧处理错误: 'VideoProcessor' object has no attribute '_get_status_text'
2025-03-10 19:35:41 - ERROR - [processor.py:150] - 帧处理错误: 'VideoProcessor' object has no attribute '_get_status_text'
2025-03-10 19:35:41 - ERROR - [processor.py:150] - 帧处理错误: 'VideoProcessor' object has no attribute '_get_status_text'
2025-03-10 19:35:41 - ERROR - [processor.py:150] - 帧处理错误: 'VideoProcessor' object has no attribute '_get_status_text'
2025-03-10 19:35:41 - ERROR - [processor.py:150] - 帧处理错误: 'VideoProcessor' object has no attribute '_get_status_text'
2025-03-10 19:35:41 - ERROR - [processor.py:150] - 帧处理错误: 'VideoProcessor' object has no attribute '_get_status_text'
2025-03-10 19:35:41 - ERROR - [processor.py:150] - 帧处理错误: 'VideoProcessor' object has no attribute '_get_status_text'
2025-03-10 19:35:42 - ERROR - [processor.py:150] - 帧处理错误: 'VideoProcessor' object has no attribute '_get_status_text'
2025-03-10 19:35:42 - ERROR - [processor.py:150] - 帧处理错误: 'VideoProcessor' object has no attribute '_get_status_text'
2025-03-10 19:35:42 - ERROR - [processor.py:150] - 帧处理错误: 'VideoProcessor' object has no attribute '_get_status_text'
2025-03-10 19:35:42 - ERROR - [processor.py:150] - 帧处理错误: 'VideoProcessor' object has no attribute '_get_status_text'
2025-03-10 19:35:42 - ERROR - [processor.py:150] - 帧处理错误: 'VideoProcessor' object has no attribute '_get_status_text'
2025-03-10 19:35:42 - ERROR - [processor.py:150] - 帧处理错误: 'VideoProcessor' object has no attribute '_get_status_text'
2025-03-10 19:35:42 - ERROR - [processor.py:150] - 帧处理错误: 'VideoProcessor' object has no attribute '_get_status_text'
2025-03-10 19:35:42 - ERROR - [processor.py:150] - 帧处理错误: 'VideoProcessor' object has no attribute '_get_status_text'
2025-03-10 19:35:42 - ERROR - [processor.py:150] - 帧处理错误: 'VideoProcessor' object has no attribute '_get_status_text'
2025-03-10 19:35:42 - ERROR - [processor.py:150] - 帧处理错误: 'VideoProcessor' object has no attribute '_get_status_text'
2025-03-10 19:35:42 - ERROR - [processor.py:150] - 帧处理错误: 'VideoProcessor' object has no attribute '_get_status_text'
2025-03-10 19:35:42 - INFO - [processor.py:45] - 摄像头1初始化完成
2025-03-10 19:35:42 - INFO - [main.py:276] - 摄像头 1 已启动
2025-03-10 19:35:42 - ERROR - [processor.py:150] - 帧处理错误: 'VideoProcessor' object has no attribute '_get_status_text'
2025-03-10 19:35:42 - ERROR - [processor.py:150] - 帧处理错误: 'VideoProcessor' object has no attribute '_get_status_text'
2025-03-10 19:35:42 - ERROR - [processor.py:150] - 帧处理错误: 'VideoProcessor' object has no attribute '_get_status_text'
2025-03-10 19:35:42 - ERROR - [processor.py:150] - 帧处理错误: 'VideoProcessor' object has no attribute '_get_status_text'
2025-03-10 19:35:42 - ERROR - [processor.py:150] - 帧处理错误: 'VideoProcessor' object has no attribute '_get_status_text'
2025-03-10 19:35:42 - ERROR - [processor.py:150] - 帧处理错误: 'VideoProcessor' object has no attribute '_get_status_text'
2025-03-10 19:35:42 - ERROR - [processor.py:150] - 帧处理错误: 'VideoProcessor' object has no attribute '_get_status_text'
2025-03-10 19:35:42 - ERROR - [processor.py:150] - 帧处理错误: 'VideoProcessor' object has no attribute '_get_status_text'
2025-03-10 19:35:42 - ERROR - [processor.py:150] - 帧处理错误: 'VideoProcessor' object has no attribute '_get_status_text'
2025-03-10 19:35:42 - ERROR - [processor.py:150] - 帧处理错误: 'VideoProcessor' object has no attribute '_get_status_text'
2025-03-10 19:35:42 - ERROR - [processor.py:150] - 帧处理错误: 'VideoProcessor' object has no attribute '_get_status_text'
2025-03-10 19:35:42 - ERROR - [processor.py:150] - 帧处理错误: 'VideoProcessor' object has no attribute '_get_status_text'
2025-03-10 19:35:42 - ERROR - [processor.py:150] - 帧处理错误: 'VideoProcessor' object has no attribute '_get_status_text'
2025-03-10 19:35:42 - ERROR - [processor.py:150] - 帧处理错误: 'VideoProcessor' object has no attribute '_get_status_text'
2025-03-10 19:35:42 - ERROR - [processor.py:150] - 帧处理错误: 'VideoProcessor' object has no attribute '_get_status_text'
2025-03-10 19:35:42 - ERROR - [processor.py:150] - 帧处理错误: 'VideoProcessor' object has no attribute '_get_status_text'
2025-03-10 19:35:42 - ERROR - [processor.py:150] - 帧处理错误: 'VideoProcessor' object has no attribute '_get_status_text'
2025-03-10 19:35:42 - ERROR - [processor.py:150] - 帧处理错误: 'VideoProcessor' object has no attribute '_get_status_text'
2025-03-10 19:35:42 - ERROR - [processor.py:150] - 帧处理错误: 'VideoProcessor' object has no attribute '_get_status_text'
2025-03-10 19:35:42 - ERROR - [processor.py:150] - 帧处理错误: 'VideoProcessor' object has no attribute '_get_status_text'
2025-03-10 19:35:42 - ERROR - [processor.py:150] - 帧处理错误: 'VideoProcessor' object has no attribute '_get_status_text'
2025-03-10 19:35:43 - ERROR - [processor.py:150] - 帧处理错误: 'VideoProcessor' object has no attribute '_get_status_text'
2025-03-10 19:35:43 - ERROR - [processor.py:150] - 帧处理错误: 'VideoProcessor' object has no attribute '_get_status_text'
2025-03-10 19:35:43 - ERROR - [processor.py:150] - 帧处理错误: 'VideoProcessor' object has no attribute '_get_status_text'
2025-03-10 19:35:43 - ERROR - [processor.py:150] - 帧处理错误: 'VideoProcessor' object has no attribute '_get_status_text'
2025-03-10 19:35:43 - ERROR - [processor.py:150] - 帧处理错误: 'VideoProcessor' object has no attribute '_get_status_text'
2025-03-10 19:35:43 - ERROR - [processor.py:150] - 帧处理错误: 'VideoProcessor' object has no attribute '_get_status_text'
2025-03-10 19:35:43 - ERROR - [processor.py:150] - 帧处理错误: 'VideoProcessor' object has no attribute '_get_status_text'
2025-03-10 19:35:43 - ERROR - [processor.py:150] - 帧处理错误: 'VideoProcessor' object has no attribute '_get_status_text'
2025-03-10 19:35:43 - ERROR - [processor.py:150] - 帧处理错误: 'VideoProcessor' object has no attribute '_get_status_text'
2025-03-10 19:35:43 - ERROR - [processor.py:150] - 帧处理错误: 'VideoProcessor' object has no attribute '_get_status_text'
2025-03-10 19:35:43 - ERROR - [processor.py:150] - 帧处理错误: 'VideoProcessor' object has no attribute '_get_status_text'
2025-03-10 19:35:43 - ERROR - [processor.py:150] - 帧处理错误: 'VideoProcessor' object has no attribute '_get_status_text'
2025-03-10 19:35:43 - ERROR - [processor.py:150] - 帧处理错误: 'VideoProcessor' object has no attribute '_get_status_text'
2025-03-10 19:35:43 - ERROR - [processor.py:150] - 帧处理错误: 'VideoProcessor' object has no attribute '_get_status_text'
2025-03-10 19:35:43 - ERROR - [processor.py:150] - 帧处理错误: 'VideoProcessor' object has no attribute '_get_status_text'
2025-03-10 19:35:43 - ERROR - [processor.py:150] - 帧处理错误: 'VideoProcessor' object has no attribute '_get_status_text'
2025-03-10 19:35:43 - ERROR - [processor.py:150] - 帧处理错误: 'VideoProcessor' object has no attribute '_get_status_text'
2025-03-10 19:35:43 - ERROR - [processor.py:150] - 帧处理错误: 'VideoProcessor' object has no attribute '_get_status_text'
2025-03-10 19:35:43 - ERROR - [processor.py:150] - 帧处理错误: 'VideoProcessor' object has no attribute '_get_status_text'
2025-03-10 19:35:43 - ERROR - [processor.py:150] - 帧处理错误: 'VideoProcessor' object has no attribute '_get_status_text'
2025-03-10 19:35:43 - ERROR - [processor.py:150] - 帧处理错误: 'VideoProcessor' object has no attribute '_get_status_text'
2025-03-10 19:35:43 - ERROR - [processor.py:150] - 帧处理错误: 'VideoProcessor' object has no attribute '_get_status_text'
2025-03-10 19:35:43 - ERROR - [processor.py:150] - 帧处理错误: 'VideoProcessor' object has no attribute '_get_status_text'
2025-03-10 19:35:43 - ERROR - [processor.py:150] - 帧处理错误: 'VideoProcessor' object has no attribute '_get_status_text'
2025-03-10 19:35:43 - ERROR - [processor.py:150] - 帧处理错误: 'VideoProcessor' object has no attribute '_get_status_text'
2025-03-10 19:35:43 - ERROR - [processor.py:150] - 帧处理错误: 'VideoProcessor' object has no attribute '_get_status_text'
2025-03-10 19:35:43 - ERROR - [processor.py:150] - 帧处理错误: 'VideoProcessor' object has no attribute '_get_status_text'
2025-03-10 19:35:43 - ERROR - [processor.py:150] - 帧处理错误: 'VideoProcessor' object has no attribute '_get_status_text'
2025-03-10 19:35:43 - ERROR - [processor.py:150] - 帧处理错误: 'VideoProcessor' object has no attribute '_get_status_text'
2025-03-10 19:35:43 - ERROR - [processor.py:150] - 帧处理错误: 'VideoProcessor' object has no attribute '_get_status_text'
2025-03-10 19:35:43 - ERROR - [processor.py:150] - 帧处理错误: 'VideoProcessor' object has no attribute '_get_status_text'
2025-03-10 19:35:43 - ERROR - [processor.py:150] - 帧处理错误: 'VideoProcessor' object has no attribute '_get_status_text'
2025-03-10 19:35:43 - ERROR - [processor.py:150] - 帧处理错误: 'VideoProcessor' object has no attribute '_get_status_text'
2025-03-10 19:35:43 - ERROR - [processor.py:150] - 帧处理错误: 'VideoProcessor' object has no attribute '_get_status_text'
2025-03-10 19:35:43 - ERROR - [processor.py:150] - 帧处理错误: 'VideoProcessor' object has no attribute '_get_status_text'
2025-03-10 19:35:43 - ERROR - [processor.py:150] - 帧处理错误: 'VideoProcessor' object has no attribute '_get_status_text'
2025-03-10 19:35:43 - ERROR - [processor.py:150] - 帧处理错误: 'VideoProcessor' object has no attribute '_get_status_text'
2025-03-10 19:35:43 - ERROR - [processor.py:150] - 帧处理错误: 'VideoProcessor' object has no attribute '_get_status_text'
2025-03-10 19:35:43 - ERROR - [processor.py:150] - 帧处理错误: 'VideoProcessor' object has no attribute '_get_status_text'
2025-03-10 19:35:43 - ERROR - [processor.py:150] - 帧处理错误: 'VideoProcessor' object has no attribute '_get_status_text'
2025-03-10 19:35:43 - ERROR - [processor.py:150] - 帧处理错误: 'VideoProcessor' object has no attribute '_get_status_text'
2025-03-10 19:35:44 - ERROR - [processor.py:150] - 帧处理错误: 'VideoProcessor' object has no attribute '_get_status_text'
2025-03-10 19:35:44 - ERROR - [processor.py:150] - 帧处理错误: 'VideoProcessor' object has no attribute '_get_status_text'
2025-03-10 19:35:44 - ERROR - [processor.py:150] - 帧处理错误: 'VideoProcessor' object has no attribute '_get_status_text'
2025-03-10 19:35:44 - ERROR - [processor.py:150] - 帧处理错误: 'VideoProcessor' object has no attribute '_get_status_text'
2025-03-10 19:35:44 - ERROR - [processor.py:150] - 帧处理错误: 'VideoProcessor' object has no attribute '_get_status_text'
2025-03-10 19:35:44 - ERROR - [processor.py:150] - 帧处理错误: 'VideoProcessor' object has no attribute '_get_status_text'
2025-03-10 19:35:44 - ERROR - [processor.py:150] - 帧处理错误: 'VideoProcessor' object has no attribute '_get_status_text'
2025-03-10 19:35:44 - ERROR - [processor.py:150] - 帧处理错误: 'VideoProcessor' object has no attribute '_get_status_text'
2025-03-10 19:35:44 - ERROR - [processor.py:150] - 帧处理错误: 'VideoProcessor' object has no attribute '_get_status_text'
2025-03-10 19:35:44 - ERROR - [processor.py:150] - 帧处理错误: 'VideoProcessor' object has no attribute '_get_status_text'
2025-03-10 19:35:44 - ERROR - [processor.py:150] - 帧处理错误: 'VideoProcessor' object has no attribute '_get_status_text'
2025-03-10 19:35:44 - ERROR - [processor.py:150] - 帧处理错误: 'VideoProcessor' object has no attribute '_get_status_text'
2025-03-10 19:35:44 - ERROR - [processor.py:150] - 帧处理错误: 'VideoProcessor' object has no attribute '_get_status_text'
2025-03-10 19:35:44 - ERROR - [processor.py:150] - 帧处理错误: 'VideoProcessor' object has no attribute '_get_status_text'
2025-03-10 19:35:44 - ERROR - [processor.py:150] - 帧处理错误: 'VideoProcessor' object has no attribute '_get_status_text'
2025-03-10 19:35:44 - ERROR - [processor.py:150] - 帧处理错误: 'VideoProcessor' object has no attribute '_get_status_text'
2025-03-10 19:35:44 - ERROR - [processor.py:150] - 帧处理错误: 'VideoProcessor' object has no attribute '_get_status_text'
2025-03-10 19:35:44 - ERROR - [processor.py:150] - 帧处理错误: 'VideoProcessor' object has no attribute '_get_status_text'
2025-03-10 19:35:44 - ERROR - [processor.py:150] - 帧处理错误: 'VideoProcessor' object has no attribute '_get_status_text'
2025-03-10 19:35:44 - ERROR - [processor.py:150] - 帧处理错误: 'VideoProcessor' object has no attribute '_get_status_text'
2025-03-10 19:35:44 - ERROR - [processor.py:150] - 帧处理错误: 'VideoProcessor' object has no attribute '_get_status_text'
2025-03-10 19:35:44 - ERROR - [processor.py:150] - 帧处理错误: 'VideoProcessor' object has no attribute '_get_status_text'
2025-03-10 19:35:44 - ERROR - [processor.py:150] - 帧处理错误: 'VideoProcessor' object has no attribute '_get_status_text'
2025-03-10 19:35:44 - ERROR - [processor.py:150] - 帧处理错误: 'VideoProcessor' object has no attribute '_get_status_text'
2025-03-10 19:35:44 - ERROR - [processor.py:150] - 帧处理错误: 'VideoProcessor' object has no attribute '_get_status_text'
2025-03-10 19:35:44 - ERROR - [processor.py:150] - 帧处理错误: 'VideoProcessor' object has no attribute '_get_status_text'
2025-03-10 19:35:44 - ERROR - [processor.py:150] - 帧处理错误: 'VideoProcessor' object has no attribute '_get_status_text'
2025-03-10 19:35:44 - ERROR - [processor.py:150] - 帧处理错误: 'VideoProcessor' object has no attribute '_get_status_text'
2025-03-10 19:35:44 - ERROR - [processor.py:150] - 帧处理错误: 'VideoProcessor' object has no attribute '_get_status_text'
2025-03-10 19:35:44 - ERROR - [processor.py:150] - 帧处理错误: 'VideoProcessor' object has no attribute '_get_status_text'
2025-03-10 19:35:44 - ERROR - [processor.py:150] - 帧处理错误: 'VideoProcessor' object has no attribute '_get_status_text'
2025-03-10 19:35:44 - ERROR - [processor.py:150] - 帧处理错误: 'VideoProcessor' object has no attribute '_get_status_text'
2025-03-10 19:35:44 - ERROR - [processor.py:150] - 帧处理错误: 'VideoProcessor' object has no attribute '_get_status_text'
2025-03-10 19:35:44 - ERROR - [processor.py:150] - 帧处理错误: 'VideoProcessor' object has no attribute '_get_status_text'
2025-03-10 19:35:44 - ERROR - [processor.py:150] - 帧处理错误: 'VideoProcessor' object has no attribute '_get_status_text'
2025-03-10 19:35:44 - ERROR - [processor.py:150] - 帧处理错误: 'VideoProcessor' object has no attribute '_get_status_text'
2025-03-10 19:35:44 - ERROR - [processor.py:150] - 帧处理错误: 'VideoProcessor' object has no attribute '_get_status_text'
2025-03-10 19:35:44 - ERROR - [processor.py:150] - 帧处理错误: 'VideoProcessor' object has no attribute '_get_status_text'
2025-03-10 19:35:44 - ERROR - [processor.py:150] - 帧处理错误: 'VideoProcessor' object has no attribute '_get_status_text'
2025-03-10 19:35:44 - ERROR - [processor.py:150] - 帧处理错误: 'VideoProcessor' object has no attribute '_get_status_text'
2025-03-10 19:35:44 - ERROR - [processor.py:150] - 帧处理错误: 'VideoProcessor' object has no attribute '_get_status_text'
2025-03-10 19:35:45 - ERROR - [processor.py:150] - 帧处理错误: 'VideoProcessor' object has no attribute '_get_status_text'
2025-03-10 19:35:45 - ERROR - [processor.py:150] - 帧处理错误: 'VideoProcessor' object has no attribute '_get_status_text'
2025-03-10 19:35:45 - ERROR - [processor.py:150] - 帧处理错误: 'VideoProcessor' object has no attribute '_get_status_text'
2025-03-10 19:35:45 - ERROR - [processor.py:150] - 帧处理错误: 'VideoProcessor' object has no attribute '_get_status_text'
2025-03-10 19:35:45 - ERROR - [processor.py:150] - 帧处理错误: 'VideoProcessor' object has no attribute '_get_status_text'
2025-03-10 19:35:45 - ERROR - [processor.py:150] - 帧处理错误: 'VideoProcessor' object has no attribute '_get_status_text'
2025-03-10 19:35:45 - ERROR - [processor.py:150] - 帧处理错误: 'VideoProcessor' object has no attribute '_get_status_text'
2025-03-10 19:35:45 - ERROR - [processor.py:150] - 帧处理错误: 'VideoProcessor' object has no attribute '_get_status_text'
2025-03-10 19:35:45 - ERROR - [processor.py:150] - 帧处理错误: 'VideoProcessor' object has no attribute '_get_status_text'
2025-03-10 19:35:45 - ERROR - [processor.py:150] - 帧处理错误: 'VideoProcessor' object has no attribute '_get_status_text'
2025-03-10 19:35:45 - ERROR - [processor.py:150] - 帧处理错误: 'VideoProcessor' object has no attribute '_get_status_text'
2025-03-10 19:35:45 - ERROR - [processor.py:150] - 帧处理错误: 'VideoProcessor' object has no attribute '_get_status_text'
2025-03-10 19:35:45 - ERROR - [processor.py:150] - 帧处理错误: 'VideoProcessor' object has no attribute '_get_status_text'
2025-03-10 19:35:45 - ERROR - [processor.py:150] - 帧处理错误: 'VideoProcessor' object has no attribute '_get_status_text'
2025-03-10 19:35:45 - ERROR - [processor.py:150] - 帧处理错误: 'VideoProcessor' object has no attribute '_get_status_text'
2025-03-10 19:35:45 - ERROR - [processor.py:150] - 帧处理错误: 'VideoProcessor' object has no attribute '_get_status_text'
2025-03-10 19:35:45 - ERROR - [processor.py:150] - 帧处理错误: 'VideoProcessor' object has no attribute '_get_status_text'
2025-03-10 19:35:45 - ERROR - [processor.py:150] - 帧处理错误: 'VideoProcessor' object has no attribute '_get_status_text'
2025-03-10 19:35:45 - ERROR - [processor.py:150] - 帧处理错误: 'VideoProcessor' object has no attribute '_get_status_text'
2025-03-10 19:35:45 - ERROR - [processor.py:150] - 帧处理错误: 'VideoProcessor' object has no attribute '_get_status_text'
2025-03-10 19:35:45 - ERROR - [processor.py:150] - 帧处理错误: 'VideoProcessor' object has no attribute '_get_status_text'
2025-03-10 19:35:45 - ERROR - [processor.py:150] - 帧处理错误: 'VideoProcessor' object has no attribute '_get_status_text'
2025-03-10 19:35:45 - ERROR - [processor.py:150] - 帧处理错误: 'VideoProcessor' object has no attribute '_get_status_text'
2025-03-10 19:35:45 - ERROR - [processor.py:150] - 帧处理错误: 'VideoProcessor' object has no attribute '_get_status_text'
2025-03-10 19:35:45 - ERROR - [processor.py:150] - 帧处理错误: 'VideoProcessor' object has no attribute '_get_status_text'
2025-03-10 19:35:45 - ERROR - [processor.py:150] - 帧处理错误: 'VideoProcessor' object has no attribute '_get_status_text'
2025-03-10 19:35:45 - ERROR - [processor.py:150] - 帧处理错误: 'VideoProcessor' object has no attribute '_get_status_text'
2025-03-10 19:35:45 - ERROR - [processor.py:150] - 帧处理错误: 'VideoProcessor' object has no attribute '_get_status_text'
2025-03-10 19:35:45 - ERROR - [processor.py:150] - 帧处理错误: 'VideoProcessor' object has no attribute '_get_status_text'
2025-03-10 19:35:45 - ERROR - [processor.py:150] - 帧处理错误: 'VideoProcessor' object has no attribute '_get_status_text'
2025-03-10 19:35:45 - ERROR - [processor.py:150] - 帧处理错误: 'VideoProcessor' object has no attribute '_get_status_text'
2025-03-10 19:35:45 - ERROR - [processor.py:150] - 帧处理错误: 'VideoProcessor' object has no attribute '_get_status_text'
2025-03-10 19:35:45 - ERROR - [processor.py:150] - 帧处理错误: 'VideoProcessor' object has no attribute '_get_status_text'
2025-03-10 19:35:45 - ERROR - [processor.py:150] - 帧处理错误: 'VideoProcessor' object has no attribute '_get_status_text'
2025-03-10 19:35:45 - ERROR - [processor.py:150] - 帧处理错误: 'VideoProcessor' object has no attribute '_get_status_text'
2025-03-10 19:35:45 - ERROR - [processor.py:150] - 帧处理错误: 'VideoProcessor' object has no attribute '_get_status_text'
2025-03-10 19:35:45 - ERROR - [processor.py:150] - 帧处理错误: 'VideoProcessor' object has no attribute '_get_status_text'
2025-03-10 19:35:45 - ERROR - [processor.py:150] - 帧处理错误: 'VideoProcessor' object has no attribute '_get_status_text'
2025-03-10 19:35:45 - ERROR - [processor.py:150] - 帧处理错误: 'VideoProcessor' object has no attribute '_get_status_text'
2025-03-10 19:35:45 - ERROR - [processor.py:150] - 帧处理错误: 'VideoProcessor' object has no attribute '_get_status_text'
2025-03-10 19:35:46 - ERROR - [processor.py:150] - 帧处理错误: 'VideoProcessor' object has no attribute '_get_status_text'
2025-03-10 19:35:46 - ERROR - [processor.py:150] - 帧处理错误: 'VideoProcessor' object has no attribute '_get_status_text'
2025-03-10 19:35:46 - ERROR - [processor.py:150] - 帧处理错误: 'VideoProcessor' object has no attribute '_get_status_text'
2025-03-10 19:35:46 - ERROR - [processor.py:150] - 帧处理错误: 'VideoProcessor' object has no attribute '_get_status_text'
2025-03-10 19:35:46 - ERROR - [processor.py:150] - 帧处理错误: 'VideoProcessor' object has no attribute '_get_status_text'
2025-03-10 19:35:46 - ERROR - [processor.py:150] - 帧处理错误: 'VideoProcessor' object has no attribute '_get_status_text'
2025-03-10 19:35:46 - ERROR - [processor.py:150] - 帧处理错误: 'VideoProcessor' object has no attribute '_get_status_text'
2025-03-10 19:35:46 - ERROR - [processor.py:150] - 帧处理错误: 'VideoProcessor' object has no attribute '_get_status_text'
2025-03-10 19:35:46 - ERROR - [processor.py:150] - 帧处理错误: 'VideoProcessor' object has no attribute '_get_status_text'
2025-03-10 19:35:46 - ERROR - [processor.py:150] - 帧处理错误: 'VideoProcessor' object has no attribute '_get_status_text'
2025-03-10 19:35:46 - ERROR - [processor.py:150] - 帧处理错误: 'VideoProcessor' object has no attribute '_get_status_text'
2025-03-10 19:35:46 - ERROR - [processor.py:150] - 帧处理错误: 'VideoProcessor' object has no attribute '_get_status_text'
2025-03-10 19:35:46 - ERROR - [processor.py:150] - 帧处理错误: 'VideoProcessor' object has no attribute '_get_status_text'
2025-03-10 19:35:46 - ERROR - [processor.py:150] - 帧处理错误: 'VideoProcessor' object has no attribute '_get_status_text'
2025-03-10 19:35:46 - ERROR - [processor.py:150] - 帧处理错误: 'VideoProcessor' object has no attribute '_get_status_text'
2025-03-10 19:35:46 - ERROR - [processor.py:150] - 帧处理错误: 'VideoProcessor' object has no attribute '_get_status_text'
2025-03-10 19:35:46 - ERROR - [processor.py:150] - 帧处理错误: 'VideoProcessor' object has no attribute '_get_status_text'
2025-03-10 19:35:46 - ERROR - [processor.py:150] - 帧处理错误: 'VideoProcessor' object has no attribute '_get_status_text'
2025-03-10 19:35:46 - ERROR - [processor.py:150] - 帧处理错误: 'VideoProcessor' object has no attribute '_get_status_text'
2025-03-10 19:35:46 - ERROR - [processor.py:150] - 帧处理错误: 'VideoProcessor' object has no attribute '_get_status_text'
2025-03-10 19:35:46 - ERROR - [processor.py:150] - 帧处理错误: 'VideoProcessor' object has no attribute '_get_status_text'
2025-03-10 19:35:46 - ERROR - [processor.py:150] - 帧处理错误: 'VideoProcessor' object has no attribute '_get_status_text'
2025-03-10 19:35:46 - ERROR - [processor.py:150] - 帧处理错误: 'VideoProcessor' object has no attribute '_get_status_text'
2025-03-10 19:35:46 - ERROR - [processor.py:150] - 帧处理错误: 'VideoProcessor' object has no attribute '_get_status_text'
2025-03-10 19:35:46 - ERROR - [processor.py:150] - 帧处理错误: 'VideoProcessor' object has no attribute '_get_status_text'
2025-03-10 19:35:46 - ERROR - [processor.py:150] - 帧处理错误: 'VideoProcessor' object has no attribute '_get_status_text'
2025-03-10 19:35:46 - ERROR - [processor.py:150] - 帧处理错误: 'VideoProcessor' object has no attribute '_get_status_text'
2025-03-10 19:35:46 - ERROR - [processor.py:150] - 帧处理错误: 'VideoProcessor' object has no attribute '_get_status_text'
2025-03-10 19:35:46 - ERROR - [processor.py:150] - 帧处理错误: 'VideoProcessor' object has no attribute '_get_status_text'
2025-03-10 19:35:46 - ERROR - [processor.py:150] - 帧处理错误: 'VideoProcessor' object has no attribute '_get_status_text'
2025-03-10 19:35:46 - ERROR - [processor.py:150] - 帧处理错误: 'VideoProcessor' object has no attribute '_get_status_text'
2025-03-10 19:35:46 - ERROR - [processor.py:150] - 帧处理错误: 'VideoProcessor' object has no attribute '_get_status_text'
2025-03-10 19:35:46 - ERROR - [processor.py:150] - 帧处理错误: 'VideoProcessor' object has no attribute '_get_status_text'
2025-03-10 19:35:46 - ERROR - [processor.py:342] - 资源释放失败: 'NoneType' object has no attribute 'close'
2025-03-10 19:35:47 - ERROR - [processor.py:150] - 帧处理错误: 'VideoProcessor' object has no attribute '_get_status_text'
2025-03-10 19:35:47 - ERROR - [processor.py:342] - 资源释放失败: 'NoneType' object has no attribute 'close'
2025-03-10 19:35:47 - INFO - [main.py:297] - 所有摄像头已停止
2025-03-10 19:35:49 - INFO - [main.py:330] - 系统正在关闭...
2025-03-10 19:35:49 - INFO - [main.py:297] - 所有摄像头已停止
2025-03-10 19:37:59 - INFO - [config.py:183] - 系统配置初始化完成
2025-03-10 19:37:59 - INFO - [main.py:421] - 系统启动中...
2025-03-10 19:37:59 - INFO - [main.py:161] - 界面组件初始化完成
2025-03-10 19:37:59 - INFO - [main.py:32] - 控制面板初始化完成
2025-03-10 19:38:06 - INFO - [main.py:211] - 摄像头 0 ROI设置已更新: {'x': 200, 'y': 100, 'w': 400, 'h': 300}
2025-03-10 19:38:06 - INFO - [main.py:211] - 摄像头 1 ROI设置已更新: {'x': 200, 'y': 100, 'w': 800, 'h': 600}
2025-03-10 19:38:06 - INFO - [main.py:260] - 参数设置已更新
2025-03-10 19:38:13 - INFO - [processor.py:45] - 摄像头0初始化完成
2025-03-10 19:38:13 - INFO - [main.py:276] - 摄像头 0 已启动
2025-03-10 19:38:14 - ERROR - [processor.py:150] - 帧处理错误: 'VideoProcessor' object has no attribute '_get_status_text'
2025-03-10 19:38:14 - ERROR - [processor.py:150] - 帧处理错误: 'VideoProcessor' object has no attribute '_get_status_text'
2025-03-10 19:38:14 - ERROR - [processor.py:150] - 帧处理错误: 'VideoProcessor' object has no attribute '_get_status_text'
2025-03-10 19:38:14 - ERROR - [processor.py:150] - 帧处理错误: 'VideoProcessor' object has no attribute '_get_status_text'
2025-03-10 19:38:14 - ERROR - [processor.py:150] - 帧处理错误: 'VideoProcessor' object has no attribute '_get_status_text'
2025-03-10 19:38:14 - ERROR - [processor.py:150] - 帧处理错误: 'VideoProcessor' object has no attribute '_get_status_text'
2025-03-10 19:38:14 - ERROR - [processor.py:150] - 帧处理错误: 'VideoProcessor' object has no attribute '_get_status_text'
2025-03-10 19:38:14 - ERROR - [processor.py:150] - 帧处理错误: 'VideoProcessor' object has no attribute '_get_status_text'
2025-03-10 19:38:14 - ERROR - [processor.py:150] - 帧处理错误: 'VideoProcessor' object has no attribute '_get_status_text'
2025-03-10 19:38:14 - ERROR - [processor.py:150] - 帧处理错误: 'VideoProcessor' object has no attribute '_get_status_text'
2025-03-10 19:38:14 - ERROR - [processor.py:150] - 帧处理错误: 'VideoProcessor' object has no attribute '_get_status_text'
2025-03-10 19:38:14 - ERROR - [processor.py:150] - 帧处理错误: 'VideoProcessor' object has no attribute '_get_status_text'
2025-03-10 19:38:14 - ERROR - [processor.py:150] - 帧处理错误: 'VideoProcessor' object has no attribute '_get_status_text'
2025-03-10 19:38:14 - ERROR - [processor.py:150] - 帧处理错误: 'VideoProcessor' object has no attribute '_get_status_text'
2025-03-10 19:38:14 - ERROR - [processor.py:150] - 帧处理错误: 'VideoProcessor' object has no attribute '_get_status_text'
2025-03-10 19:38:14 - ERROR - [processor.py:150] - 帧处理错误: 'VideoProcessor' object has no attribute '_get_status_text'
2025-03-10 19:38:14 - ERROR - [processor.py:150] - 帧处理错误: 'VideoProcessor' object has no attribute '_get_status_text'
2025-03-10 19:38:14 - ERROR - [processor.py:150] - 帧处理错误: 'VideoProcessor' object has no attribute '_get_status_text'
2025-03-10 19:38:15 - ERROR - [processor.py:150] - 帧处理错误: 'VideoProcessor' object has no attribute '_get_status_text'
2025-03-10 19:38:15 - ERROR - [processor.py:150] - 帧处理错误: 'VideoProcessor' object has no attribute '_get_status_text'
2025-03-10 19:38:15 - ERROR - [processor.py:150] - 帧处理错误: 'VideoProcessor' object has no attribute '_get_status_text'
2025-03-10 19:38:15 - ERROR - [processor.py:150] - 帧处理错误: 'VideoProcessor' object has no attribute '_get_status_text'
2025-03-10 19:38:15 - ERROR - [processor.py:150] - 帧处理错误: 'VideoProcessor' object has no attribute '_get_status_text'
2025-03-10 19:38:15 - ERROR - [processor.py:150] - 帧处理错误: 'VideoProcessor' object has no attribute '_get_status_text'
2025-03-10 19:38:15 - ERROR - [processor.py:150] - 帧处理错误: 'VideoProcessor' object has no attribute '_get_status_text'
2025-03-10 19:38:15 - ERROR - [processor.py:150] - 帧处理错误: 'VideoProcessor' object has no attribute '_get_status_text'
2025-03-10 19:38:15 - ERROR - [processor.py:150] - 帧处理错误: 'VideoProcessor' object has no attribute '_get_status_text'
2025-03-10 19:38:15 - ERROR - [processor.py:150] - 帧处理错误: 'VideoProcessor' object has no attribute '_get_status_text'
2025-03-10 19:38:15 - ERROR - [processor.py:150] - 帧处理错误: 'VideoProcessor' object has no attribute '_get_status_text'
2025-03-10 19:38:15 - ERROR - [processor.py:150] - 帧处理错误: 'VideoProcessor' object has no attribute '_get_status_text'
2025-03-10 19:38:15 - ERROR - [processor.py:150] - 帧处理错误: 'VideoProcessor' object has no attribute '_get_status_text'
2025-03-10 19:38:15 - ERROR - [processor.py:150] - 帧处理错误: 'VideoProcessor' object has no attribute '_get_status_text'
2025-03-10 19:38:15 - ERROR - [processor.py:150] - 帧处理错误: 'VideoProcessor' object has no attribute '_get_status_text'
2025-03-10 19:38:15 - ERROR - [processor.py:150] - 帧处理错误: 'VideoProcessor' object has no attribute '_get_status_text'
2025-03-10 19:38:15 - ERROR - [processor.py:150] - 帧处理错误: 'VideoProcessor' object has no attribute '_get_status_text'
2025-03-10 19:38:15 - ERROR - [processor.py:150] - 帧处理错误: 'VideoProcessor' object has no attribute '_get_status_text'
2025-03-10 19:38:15 - ERROR - [processor.py:150] - 帧处理错误: 'VideoProcessor' object has no attribute '_get_status_text'
2025-03-10 19:38:15 - ERROR - [processor.py:150] - 帧处理错误: 'VideoProcessor' object has no attribute '_get_status_text'
2025-03-10 19:38:15 - ERROR - [processor.py:150] - 帧处理错误: 'VideoProcessor' object has no attribute '_get_status_text'
2025-03-10 19:38:15 - ERROR - [processor.py:150] - 帧处理错误: 'VideoProcessor' object has no attribute '_get_status_text'
2025-03-10 19:38:15 - ERROR - [processor.py:150] - 帧处理错误: 'VideoProcessor' object has no attribute '_get_status_text'
2025-03-10 19:38:15 - ERROR - [processor.py:150] - 帧处理错误: 'VideoProcessor' object has no attribute '_get_status_text'
2025-03-10 19:38:15 - ERROR - [processor.py:150] - 帧处理错误: 'VideoProcessor' object has no attribute '_get_status_text'
2025-03-10 19:38:15 - ERROR - [processor.py:150] - 帧处理错误: 'VideoProcessor' object has no attribute '_get_status_text'
2025-03-10 19:38:16 - ERROR - [processor.py:150] - 帧处理错误: 'VideoProcessor' object has no attribute '_get_status_text'
2025-03-10 19:38:16 - ERROR - [processor.py:150] - 帧处理错误: 'VideoProcessor' object has no attribute '_get_status_text'
2025-03-10 19:38:16 - ERROR - [processor.py:150] - 帧处理错误: 'VideoProcessor' object has no attribute '_get_status_text'
2025-03-10 19:38:16 - ERROR - [processor.py:150] - 帧处理错误: 'VideoProcessor' object has no attribute '_get_status_text'
2025-03-10 19:38:16 - ERROR - [processor.py:150] - 帧处理错误: 'VideoProcessor' object has no attribute '_get_status_text'
2025-03-10 19:38:16 - ERROR - [processor.py:150] - 帧处理错误: 'VideoProcessor' object has no attribute '_get_status_text'
2025-03-10 19:38:16 - ERROR - [processor.py:150] - 帧处理错误: 'VideoProcessor' object has no attribute '_get_status_text'
2025-03-10 19:38:16 - ERROR - [processor.py:150] - 帧处理错误: 'VideoProcessor' object has no attribute '_get_status_text'
2025-03-10 19:38:16 - ERROR - [processor.py:150] - 帧处理错误: 'VideoProcessor' object has no attribute '_get_status_text'
2025-03-10 19:38:16 - ERROR - [processor.py:150] - 帧处理错误: 'VideoProcessor' object has no attribute '_get_status_text'
2025-03-10 19:38:16 - ERROR - [processor.py:150] - 帧处理错误: 'VideoProcessor' object has no attribute '_get_status_text'
2025-03-10 19:38:16 - ERROR - [processor.py:150] - 帧处理错误: 'VideoProcessor' object has no attribute '_get_status_text'
2025-03-10 19:38:16 - ERROR - [processor.py:150] - 帧处理错误: 'VideoProcessor' object has no attribute '_get_status_text'
2025-03-10 19:38:16 - ERROR - [processor.py:150] - 帧处理错误: 'VideoProcessor' object has no attribute '_get_status_text'
2025-03-10 19:38:16 - ERROR - [processor.py:150] - 帧处理错误: 'VideoProcessor' object has no attribute '_get_status_text'
2025-03-10 19:38:16 - ERROR - [processor.py:150] - 帧处理错误: 'VideoProcessor' object has no attribute '_get_status_text'
2025-03-10 19:38:16 - ERROR - [processor.py:150] - 帧处理错误: 'VideoProcessor' object has no attribute '_get_status_text'
2025-03-10 19:38:16 - ERROR - [processor.py:150] - 帧处理错误: 'VideoProcessor' object has no attribute '_get_status_text'
2025-03-10 19:38:16 - ERROR - [processor.py:150] - 帧处理错误: 'VideoProcessor' object has no attribute '_get_status_text'
2025-03-10 19:38:16 - ERROR - [processor.py:150] - 帧处理错误: 'VideoProcessor' object has no attribute '_get_status_text'
2025-03-10 19:38:16 - ERROR - [processor.py:150] - 帧处理错误: 'VideoProcessor' object has no attribute '_get_status_text'
2025-03-10 19:38:16 - ERROR - [processor.py:150] - 帧处理错误: 'VideoProcessor' object has no attribute '_get_status_text'
2025-03-10 19:38:16 - ERROR - [processor.py:150] - 帧处理错误: 'VideoProcessor' object has no attribute '_get_status_text'
2025-03-10 19:38:17 - ERROR - [processor.py:150] - 帧处理错误: 'VideoProcessor' object has no attribute '_get_status_text'
2025-03-10 19:38:17 - ERROR - [processor.py:150] - 帧处理错误: 'VideoProcessor' object has no attribute '_get_status_text'
2025-03-10 19:38:17 - ERROR - [processor.py:150] - 帧处理错误: 'VideoProcessor' object has no attribute '_get_status_text'
2025-03-10 19:38:17 - ERROR - [processor.py:150] - 帧处理错误: 'VideoProcessor' object has no attribute '_get_status_text'
2025-03-10 19:38:17 - ERROR - [processor.py:150] - 帧处理错误: 'VideoProcessor' object has no attribute '_get_status_text'
2025-03-10 19:38:17 - ERROR - [processor.py:150] - 帧处理错误: 'VideoProcessor' object has no attribute '_get_status_text'
2025-03-10 19:38:17 - ERROR - [processor.py:150] - 帧处理错误: 'VideoProcessor' object has no attribute '_get_status_text'
2025-03-10 19:38:17 - ERROR - [processor.py:150] - 帧处理错误: 'VideoProcessor' object has no attribute '_get_status_text'
2025-03-10 19:38:17 - INFO - [processor.py:45] - 摄像头1初始化完成
2025-03-10 19:38:17 - INFO - [main.py:276] - 摄像头 1 已启动
2025-03-10 19:38:17 - ERROR - [processor.py:150] - 帧处理错误: 'VideoProcessor' object has no attribute '_get_status_text'
2025-03-10 19:38:17 - ERROR - [processor.py:150] - 帧处理错误: 'VideoProcessor' object has no attribute '_get_status_text'
2025-03-10 19:38:17 - ERROR - [processor.py:150] - 帧处理错误: 'VideoProcessor' object has no attribute '_get_status_text'
2025-03-10 19:38:17 - ERROR - [processor.py:150] - 帧处理错误: 'VideoProcessor' object has no attribute '_get_status_text'
2025-03-10 19:38:17 - ERROR - [processor.py:150] - 帧处理错误: 'VideoProcessor' object has no attribute '_get_status_text'
2025-03-10 19:38:17 - ERROR - [processor.py:150] - 帧处理错误: 'VideoProcessor' object has no attribute '_get_status_text'
2025-03-10 19:38:17 - ERROR - [processor.py:150] - 帧处理错误: 'VideoProcessor' object has no attribute '_get_status_text'
2025-03-10 19:38:17 - ERROR - [processor.py:344] - 资源释放失败: 'NoneType' object has no attribute 'close'
2025-03-10 19:38:17 - ERROR - [processor.py:150] - 帧处理错误: 'VideoProcessor' object has no attribute '_get_status_text'
2025-03-10 19:38:18 - ERROR - [processor.py:344] - 资源释放失败: 'NoneType' object has no attribute 'close'
2025-03-10 19:38:18 - INFO - [main.py:297] - 所有摄像头已停止
2025-03-10 19:38:59 - INFO - [config.py:183] - 系统配置初始化完成
2025-03-10 19:38:59 - INFO - [main.py:405] - 系统启动中...
2025-03-10 19:38:59 - INFO - [main.py:161] - 界面组件初始化完成
2025-03-10 19:38:59 - INFO - [main.py:32] - 控制面板初始化完成
2025-03-10 19:39:08 - INFO - [main.py:244] - 参数设置已更新
2025-03-10 19:39:14 - INFO - [processor.py:45] - 摄像头0初始化完成
2025-03-10 19:39:14 - INFO - [main.py:260] - 摄像头 0 已启动
2025-03-10 19:39:18 - INFO - [processor.py:45] - 摄像头1初始化完成
2025-03-10 19:39:18 - INFO - [main.py:260] - 摄像头 1 已启动
2025-03-10 19:39:24 - INFO - [processor.py:227] - Camera 1 触发 5秒 报警
2025-03-10 19:39:32 - INFO - [processor.py:227] - Camera 1 触发 5秒 报警
2025-03-10 19:39:42 - INFO - [processor.py:227] - Camera 1 触发 5秒 报警
2025-03-10 19:39:47 - ERROR - [processor.py:312] - 资源释放失败: 'NoneType' object has no attribute 'close'
2025-03-10 19:39:47 - ERROR - [processor.py:312] - 资源释放失败: 'NoneType' object has no attribute 'close'
2025-03-10 19:39:47 - INFO - [main.py:281] - 所有摄像头已停止
2025-03-10 19:39:48 - INFO - [main.py:314] - 系统正在关闭...
2025-03-10 19:39:48 - INFO - [main.py:281] - 所有摄像头已停止
2025-03-10 19:45:16 - INFO - [config.py:183] - 系统配置初始化完成
2025-03-10 19:45:16 - INFO - [main.py:415] - 系统启动中...
2025-03-10 19:45:16 - INFO - [main.py:161] - 界面组件初始化完成
2025-03-10 19:45:16 - INFO - [main.py:32] - 控制面板初始化完成
2025-03-10 19:45:25 - INFO - [main.py:254] - 参数设置已更新
2025-03-10 19:45:33 - INFO - [processor.py:44] - 摄像头0初始化完成
2025-03-10 19:45:33 - INFO - [main.py:270] - 摄像头 0 已启动
2025-03-10 19:45:37 - INFO - [processor.py:44] - 摄像头1初始化完成
2025-03-10 19:45:37 - INFO - [main.py:270] - 摄像头 1 已启动
2025-03-10 19:45:50 - INFO - [processor.py:226] - Camera 1 触发 5秒 报警
2025-03-10 19:45:53 - ERROR - [processor.py:311] - 资源释放失败: 'NoneType' object has no attribute 'close'
2025-03-10 19:45:53 - ERROR - [processor.py:311] - 资源释放失败: 'NoneType' object has no attribute 'close'
2025-03-10 19:45:53 - INFO - [main.py:291] - 所有摄像头已停止
2025-03-10 19:45:54 - INFO - [main.py:324] - 系统正在关闭...
2025-03-10 19:45:54 - INFO - [main.py:291] - 所有摄像头已停止
2025-03-10 19:51:27 - INFO - [config.py:183] - 系统配置初始化完成
2025-03-10 19:51:27 - INFO - [main.py:487] - 系统启动中...
2025-03-10 19:51:27 - INFO - [main.py:228] - 界面组件初始化完成
2025-03-10 19:51:28 - INFO - [main.py:34] - 控制面板初始化完成
2025-03-10 19:51:46 - INFO - [main.py:409] - 已切换到dark主题
2025-03-10 19:51:51 - INFO - [main.py:409] - 已切换到light主题
2025-03-10 19:52:04 - INFO - [main.py:409] - 已切换到dark主题
2025-03-10 19:52:06 - INFO - [main.py:409] - 已切换到light主题
2025-03-10 19:52:09 - INFO - [main.py:409] - 已切换到dark主题
2025-03-10 19:52:10 - INFO - [main.py:409] - 已切换到light主题
2025-03-10 19:52:11 - INFO - [main.py:409] - 已切换到dark主题
2025-03-10 19:52:12 - INFO - [main.py:409] - 已切换到light主题
2025-03-10 19:52:24 - INFO - [main.py:409] - 已切换到dark主题
2025-03-10 19:52:25 - INFO - [main.py:409] - 已切换到light主题
2025-03-10 19:52:27 - INFO - [main.py:409] - 已切换到dark主题
2025-03-10 19:52:28 - INFO - [main.py:409] - 已切换到light主题
2025-03-10 19:52:29 - INFO - [main.py:409] - 已切换到dark主题
2025-03-10 19:52:34 - INFO - [main.py:409] - 已切换到light主题
2025-03-10 19:52:37 - INFO - [main.py:409] - 已切换到dark主题
2025-03-10 19:52:39 - INFO - [main.py:409] - 已切换到light主题
2025-03-10 19:52:50 - INFO - [processor.py:44] - 摄像头0初始化完成
2025-03-10 19:52:50 - INFO - [main.py:337] - 摄像头 0 已启动
2025-03-10 19:52:55 - INFO - [processor.py:44] - 摄像头1初始化完成
2025-03-10 19:52:55 - INFO - [main.py:337] - 摄像头 1 已启动
2025-03-10 19:53:04 - INFO - [processor.py:226] - Camera 0 触发 5秒 报警
2025-03-10 19:53:09 - INFO - [processor.py:226] - Camera 0 触发 10秒 报警
2025-03-10 19:53:14 - INFO - [processor.py:226] - Camera 0 触发 15秒 报警
2025-03-10 19:53:29 - INFO - [processor.py:226] - Camera 0 触发 30秒 报警
2025-03-10 19:53:35 - ERROR - [processor.py:311] - 资源释放失败: 'NoneType' object has no attribute 'close'
2025-03-10 19:53:36 - ERROR - [processor.py:311] - 资源释放失败: 'NoneType' object has no attribute 'close'
2025-03-10 19:53:36 - INFO - [main.py:358] - 所有摄像头已停止
2025-03-10 19:53:37 - INFO - [main.py:391] - 系统正在关闭...
2025-03-10 19:53:37 - INFO - [main.py:358] - 所有摄像头已停止
2025-03-10 19:54:33 - INFO - [config.py:183] - 系统配置初始化完成
2025-03-10 19:54:33 - INFO - [main.py:487] - 系统启动中...
2025-03-10 19:54:33 - INFO - [main.py:228] - 界面组件初始化完成
2025-03-10 19:54:33 - INFO - [main.py:34] - 控制面板初始化完成
2025-03-10 19:54:47 - INFO - [main.py:391] - 系统正在关闭...
2025-03-10 19:54:47 - INFO - [main.py:358] - 所有摄像头已停止
2025-03-10 19:55:16 - INFO - [config.py:183] - 系统配置初始化完成
2025-03-10 19:55:16 - INFO - [main.py:487] - 系统启动中...
2025-03-10 19:55:16 - INFO - [main.py:228] - 界面组件初始化完成
2025-03-10 19:55:16 - INFO - [main.py:34] - 控制面板初始化完成
2025-03-10 19:55:54 - INFO - [main.py:358] - 所有摄像头已停止
2025-03-10 19:55:56 - INFO - [main.py:391] - 系统正在关闭...
2025-03-10 19:55:56 - INFO - [main.py:358] - 所有摄像头已停止
2025-03-10 19:57:08 - INFO - [config.py:183] - 系统配置初始化完成
2025-03-10 19:57:08 - INFO - [main.py:504] - 系统启动中...
2025-03-10 19:57:08 - INFO - [main.py:236] - 界面组件初始化完成
2025-03-10 19:57:09 - INFO - [main.py:35] - 控制面板初始化完成
2025-03-10 19:57:59 - INFO - [processor.py:44] - 摄像头0初始化完成
2025-03-10 19:57:59 - INFO - [main.py:345] - 摄像头 0 已启动
2025-03-10 19:58:02 - INFO - [processor.py:44] - 摄像头1初始化完成
2025-03-10 19:58:02 - INFO - [main.py:345] - 摄像头 1 已启动
2025-03-10 19:58:14 - INFO - [processor.py:226] - Camera 1 触发 5秒 报警
2025-03-10 19:58:14 - INFO - [processor.py:226] - Camera 0 触发 5秒 报警
2025-03-10 19:58:18 - INFO - [processor.py:226] - Camera 1 触发 10秒 报警
2025-03-10 19:58:19 - INFO - [processor.py:226] - Camera 0 触发 10秒 报警
2025-03-10 19:58:24 - INFO - [processor.py:226] - Camera 0 触发 15秒 报警
2025-03-10 19:58:39 - INFO - [processor.py:226] - Camera 0 触发 30秒 报警
2025-03-10 19:58:45 - ERROR - [processor.py:311] - 资源释放失败: 'NoneType' object has no attribute 'close'
2025-03-10 19:58:45 - ERROR - [processor.py:311] - 资源释放失败: 'NoneType' object has no attribute 'close'
2025-03-10 19:58:45 - INFO - [main.py:366] - 所有摄像头已停止
2025-03-10 19:58:48 - INFO - [main.py:399] - 系统正在关闭...
2025-03-10 19:58:48 - INFO - [main.py:366] - 所有摄像头已停止
2025-03-10 20:56:28 - INFO - [config.py:183] - 系统配置初始化完成
2025-03-10 20:56:29 - INFO - [main.py:504] - 系统启动中...
2025-03-10 20:56:29 - INFO - [main.py:236] - 界面组件初始化完成
2025-03-10 20:56:29 - INFO - [main.py:35] - 控制面板初始化完成
2025-03-10 20:56:52 - INFO - [processor.py:44] - 摄像头0初始化完成
2025-03-10 20:56:52 - INFO - [main.py:345] - 摄像头 0 已启动
2025-03-10 20:56:56 - INFO - [processor.py:44] - 摄像头1初始化完成
2025-03-10 20:56:56 - INFO - [main.py:345] - 摄像头 1 已启动
2025-03-10 20:57:12 - ERROR - [processor.py:311] - 资源释放失败: 'NoneType' object has no attribute 'close'
2025-03-10 20:57:12 - ERROR - [processor.py:311] - 资源释放失败: 'NoneType' object has no attribute 'close'
2025-03-10 20:57:12 - INFO - [main.py:366] - 所有摄像头已停止
2025-03-10 20:57:13 - INFO - [main.py:399] - 系统正在关闭...
2025-03-10 20:57:13 - INFO - [main.py:366] - 所有摄像头已停止
2025-03-11 10:13:45 - INFO - [config.py:183] - 系统配置初始化完成
2025-03-11 10:13:45 - INFO - [main.py:504] - 系统启动中...
2025-03-11 10:13:45 - INFO - [main.py:236] - 界面组件初始化完成
2025-03-11 10:13:46 - INFO - [main.py:35] - 控制面板初始化完成
2025-03-11 10:14:15 - INFO - [processor.py:44] - 摄像头0初始化完成
2025-03-11 10:14:15 - INFO - [main.py:345] - 摄像头 0 已启动
2025-03-11 10:14:20 - INFO - [processor.py:44] - 摄像头1初始化完成
2025-03-11 10:14:20 - INFO - [main.py:345] - 摄像头 1 已启动
2025-03-11 10:14:30 - WARNING - [processor.py:291] - 摄像头1 断流，尝试重连...
2025-03-11 10:14:33 - INFO - [processor.py:298] - 摄像头1 重连成功
2025-03-11 10:14:42 - ERROR - [processor.py:311] - 资源释放失败: 'NoneType' object has no attribute 'close'
2025-03-11 10:14:43 - ERROR - [processor.py:311] - 资源释放失败: 'NoneType' object has no attribute 'close'
2025-03-11 10:14:43 - INFO - [main.py:366] - 所有摄像头已停止
2025-03-11 10:14:45 - INFO - [main.py:378] - 报警已暂停
2025-03-11 10:14:48 - INFO - [main.py:366] - 所有摄像头已停止
2025-03-11 10:14:55 - INFO - [main.py:399] - 系统正在关闭...
2025-03-11 10:14:55 - INFO - [main.py:366] - 所有摄像头已停止
2025-03-11 10:30:33 - INFO - [config.py:183] - 系统配置初始化完成
2025-03-11 10:30:34 - INFO - [main.py:504] - 系统启动中...
2025-03-11 10:30:34 - INFO - [main.py:236] - 界面组件初始化完成
2025-03-11 10:30:34 - INFO - [main.py:35] - 控制面板初始化完成
2025-03-11 10:30:47 - CRITICAL - [main.py:510] - 系统崩溃: [WinError 6] 句柄无效。
2025-03-11 10:30:56 - INFO - [config.py:183] - 系统配置初始化完成
2025-03-11 10:30:56 - INFO - [main.py:504] - 系统启动中...
2025-03-11 10:30:56 - INFO - [main.py:236] - 界面组件初始化完成
2025-03-11 10:30:56 - INFO - [main.py:35] - 控制面板初始化完成
2025-03-11 10:31:18 - INFO - [main.py:399] - 系统正在关闭...
2025-03-11 10:31:18 - INFO - [main.py:366] - 所有摄像头已停止
2025-03-11 10:47:58 - INFO - [config.py:183] - 系统配置初始化完成
2025-03-11 10:47:58 - INFO - [main.py:504] - 系统启动中...
2025-03-11 10:47:59 - INFO - [main.py:236] - 界面组件初始化完成
2025-03-11 10:47:59 - INFO - [main.py:35] - 控制面板初始化完成
2025-03-11 10:48:21 - INFO - [processor.py:44] - 摄像头0初始化完成
2025-03-11 10:48:21 - INFO - [main.py:345] - 摄像头 0 已启动
2025-03-11 10:48:25 - INFO - [processor.py:44] - 摄像头1初始化完成
2025-03-11 10:48:25 - INFO - [main.py:345] - 摄像头 1 已启动
2025-03-11 10:49:08 - ERROR - [processor.py:319] - 资源释放失败: 'NoneType' object has no attribute 'close'
2025-03-11 10:49:08 - ERROR - [processor.py:319] - 资源释放失败: 'NoneType' object has no attribute 'close'
2025-03-11 10:49:08 - INFO - [main.py:366] - 所有摄像头已停止
2025-03-11 10:49:09 - INFO - [main.py:399] - 系统正在关闭...
2025-03-11 10:49:09 - INFO - [main.py:366] - 所有摄像头已停止
2025-03-11 11:19:13 - INFO - [config.py:183] - 系统配置初始化完成
2025-03-11 11:19:13 - INFO - [main.py:504] - 系统启动中...
2025-03-11 11:19:13 - INFO - [main.py:236] - 界面组件初始化完成
2025-03-11 11:19:14 - INFO - [main.py:35] - 控制面板初始化完成
2025-03-11 11:19:25 - INFO - [video_processor.py:48] - 摄像头0初始化完成
2025-03-11 11:19:25 - INFO - [main.py:345] - 摄像头 0 已启动
2025-03-11 11:19:25 - ERROR - [video_processor.py:120] - 无法打开视频源: 1
2025-03-11 11:19:25 - ERROR - [video_processor.py:97] - 组件初始化失败: 无法打开视频源: 1
2025-03-11 11:19:25 - ERROR - [video_processor.py:50] - 摄像头1初始化失败: 组件初始化失败: 无法打开视频源: 1
Traceback (most recent call last):
  File "C:\Users\33881\Desktop\ICU_Mediapipe\modules\video_processor.py", line 91, in _init_components
    self.cap = self._init_capture()
  File "C:\Users\33881\Desktop\ICU_Mediapipe\modules\video_processor.py", line 121, in _init_capture
    raise RuntimeError(f"无法打开视频源: {source}")
RuntimeError: 无法打开视频源: 1

The above exception was the direct cause of the following exception:

Traceback (most recent call last):
  File "C:\Users\33881\Desktop\ICU_Mediapipe\modules\video_processor.py", line 47, in __init__
    self._init_components()
  File "C:\Users\33881\Desktop\ICU_Mediapipe\modules\video_processor.py", line 106, in _init_components
    raise ResourceError(error_msg, 1003) from e
modules.video_processor.VideoProcessor._init_components.<locals>.ResourceError: 组件初始化失败: 无法打开视频源: 1

2025-03-11 11:19:25 - ERROR - [camera_manager.py:63] - 启动摄像头1失败: 组件初始化失败: 无法打开视频源: 1
2025-03-11 11:19:25 - INFO - [main.py:345] - 摄像头 1 已启动
2025-03-11 11:19:44 - ERROR - [video_processor.py:323] - 资源释放失败: 'NoneType' object has no attribute 'close'
2025-03-11 11:19:44 - INFO - [main.py:366] - 所有摄像头已停止
2025-03-11 11:19:45 - INFO - [main.py:399] - 系统正在关闭...
2025-03-11 11:19:45 - INFO - [main.py:366] - 所有摄像头已停止
2025-03-11 11:28:30 - INFO - [config.py:183] - 系统配置初始化完成
2025-03-11 11:28:30 - INFO - [main.py:504] - 系统启动中...
2025-03-11 11:28:30 - INFO - [main.py:236] - 界面组件初始化完成
2025-03-11 11:28:31 - INFO - [main.py:35] - 控制面板初始化完成
2025-03-11 11:28:38 - INFO - [video_processor.py:48] - 摄像头0初始化完成
2025-03-11 11:28:38 - INFO - [main.py:345] - 摄像头 0 已启动
2025-03-11 11:28:41 - INFO - [video_processor.py:48] - 摄像头1初始化完成
2025-03-11 11:28:41 - INFO - [main.py:345] - 摄像头 1 已启动
2025-03-11 11:28:51 - ERROR - [video_processor.py:323] - 资源释放失败: 'NoneType' object has no attribute 'close'
2025-03-11 11:28:52 - ERROR - [video_processor.py:323] - 资源释放失败: 'NoneType' object has no attribute 'close'
2025-03-11 11:28:52 - INFO - [main.py:366] - 所有摄像头已停止
2025-03-11 11:28:52 - INFO - [main.py:399] - 系统正在关闭...
2025-03-11 11:28:52 - INFO - [main.py:366] - 所有摄像头已停止
2025-03-11 11:40:35 - INFO - [config.py:183] - 系统配置初始化完成
2025-03-11 11:40:35 - INFO - [main.py:504] - 系统启动中...
2025-03-11 11:40:36 - INFO - [main.py:236] - 界面组件初始化完成
2025-03-11 11:40:36 - INFO - [main.py:35] - 控制面板初始化完成
2025-03-11 11:40:45 - INFO - [video_processor.py:48] - 摄像头0初始化完成
2025-03-11 11:40:45 - INFO - [main.py:345] - 摄像头 0 已启动
2025-03-11 11:40:49 - INFO - [video_processor.py:48] - 摄像头1初始化完成
2025-03-11 11:40:49 - INFO - [main.py:345] - 摄像头 1 已启动
2025-03-11 11:40:53 - ERROR - [video_processor.py:323] - 资源释放失败: 'NoneType' object has no attribute 'close'
2025-03-11 11:40:53 - ERROR - [video_processor.py:323] - 资源释放失败: 'NoneType' object has no attribute 'close'
2025-03-11 11:40:53 - INFO - [main.py:366] - 所有摄像头已停止
2025-03-11 11:40:54 - INFO - [main.py:399] - 系统正在关闭...
2025-03-11 11:40:54 - INFO - [main.py:366] - 所有摄像头已停止
2025-03-11 11:49:18 - INFO - [config.py:183] - 系统配置初始化完成
2025-03-11 11:49:20 - INFO - [main.py:29] - 系统启动中...
2025-03-11 11:49:20 - INFO - [control_panel.py:107] - 界面组件初始化完成
2025-03-11 11:49:20 - INFO - [control_panel.py:42] - 控制面板初始化完成
2025-03-11 11:49:28 - INFO - [video_processor.py:48] - 摄像头0初始化完成
2025-03-11 11:49:28 - INFO - [control_panel.py:212] - 摄像头 0 已启动
2025-03-11 11:49:32 - INFO - [video_processor.py:48] - 摄像头1初始化完成
2025-03-11 11:49:32 - INFO - [control_panel.py:212] - 摄像头 1 已启动
2025-03-11 11:49:35 - ERROR - [video_processor.py:323] - 资源释放失败: 'NoneType' object has no attribute 'close'
2025-03-11 11:49:36 - ERROR - [video_processor.py:323] - 资源释放失败: 'NoneType' object has no attribute 'close'
2025-03-11 11:49:36 - INFO - [control_panel.py:234] - 所有摄像头已停止
2025-03-11 11:49:37 - INFO - [control_panel.py:270] - 系统正在关闭...
2025-03-11 11:49:37 - INFO - [control_panel.py:234] - 所有摄像头已停止
2025-03-11 19:05:31 - INFO - [config.py:183] - 系统配置初始化完成
2025-03-11 19:05:33 - INFO - [main.py:29] - 系统启动中...
2025-03-11 19:05:34 - INFO - [control_panel.py:107] - 界面组件初始化完成
2025-03-11 19:05:34 - INFO - [control_panel.py:42] - 控制面板初始化完成
2025-03-11 19:05:48 - INFO - [video_processor.py:48] - 摄像头0初始化完成
2025-03-11 19:05:48 - INFO - [control_panel.py:212] - 摄像头 0 已启动
2025-03-11 19:05:48 - ERROR - [video_processor.py:120] - 无法打开视频源: 1
2025-03-11 19:05:48 - ERROR - [video_processor.py:97] - 组件初始化失败: 无法打开视频源: 1
2025-03-11 19:05:48 - ERROR - [video_processor.py:50] - 摄像头1初始化失败: 组件初始化失败: 无法打开视频源: 1
Traceback (most recent call last):
  File "c:\Users\33881\Desktop\ICU_Mediapipe\modules\video_processor.py", line 91, in _init_components
    self.cap = self._init_capture()
  File "c:\Users\33881\Desktop\ICU_Mediapipe\modules\video_processor.py", line 121, in _init_capture
    raise RuntimeError(f"无法打开视频源: {source}")
RuntimeError: 无法打开视频源: 1

The above exception was the direct cause of the following exception:

Traceback (most recent call last):
  File "c:\Users\33881\Desktop\ICU_Mediapipe\modules\video_processor.py", line 47, in __init__
    self._init_components()
  File "c:\Users\33881\Desktop\ICU_Mediapipe\modules\video_processor.py", line 106, in _init_components
    raise ResourceError(error_msg, 1003) from e
modules.video_processor.VideoProcessor._init_components.<locals>.ResourceError: 组件初始化失败: 无法打开视频源: 1

2025-03-11 19:05:48 - ERROR - [camera_manager.py:63] - 启动摄像头1失败: 组件初始化失败: 无法打开视频源: 1
2025-03-11 19:05:48 - INFO - [control_panel.py:212] - 摄像头 1 已启动
2025-03-11 19:06:05 - ERROR - [video_processor.py:323] - 资源释放失败: 'NoneType' object has no attribute 'close'
2025-03-11 19:06:05 - INFO - [control_panel.py:234] - 所有摄像头已停止
2025-03-11 19:06:06 - INFO - [control_panel.py:270] - 系统正在关闭...
2025-03-11 19:06:06 - INFO - [control_panel.py:234] - 所有摄像头已停止
2025-03-11 19:06:16 - INFO - [config.py:183] - 系统配置初始化完成
2025-03-11 19:06:17 - INFO - [main.py:29] - 系统启动中...
2025-03-11 19:06:17 - INFO - [control_panel.py:107] - 界面组件初始化完成
2025-03-11 19:06:17 - INFO - [control_panel.py:42] - 控制面板初始化完成
2025-03-11 19:06:30 - INFO - [video_processor.py:48] - 摄像头0初始化完成
2025-03-11 19:06:30 - INFO - [control_panel.py:212] - 摄像头 0 已启动
2025-03-11 19:06:34 - INFO - [video_processor.py:48] - 摄像头1初始化完成
2025-03-11 19:06:34 - INFO - [control_panel.py:212] - 摄像头 1 已启动
2025-03-11 19:07:00 - INFO - [video_processor.py:238] - Camera 1 触发 5秒 报警
2025-03-11 19:07:00 - INFO - [video_processor.py:238] - Camera 0 触发 5秒 报警
2025-03-11 19:07:05 - INFO - [video_processor.py:238] - Camera 1 触发 10秒 报警
2025-03-11 19:07:05 - INFO - [video_processor.py:238] - Camera 0 触发 10秒 报警
2025-03-11 19:07:10 - INFO - [video_processor.py:238] - Camera 1 触发 15秒 报警
2025-03-11 19:07:10 - INFO - [video_processor.py:238] - Camera 0 触发 15秒 报警
2025-03-11 19:07:22 - WARNING - [video_processor.py:303] - 摄像头1 断流，尝试重连...
2025-03-11 19:07:25 - INFO - [video_processor.py:310] - 摄像头1 重连成功
2025-03-11 19:07:25 - INFO - [video_processor.py:238] - Camera 1 触发 30秒 报警
2025-03-11 19:07:26 - INFO - [video_processor.py:238] - Camera 0 触发 5秒 报警
2025-03-11 19:07:31 - ERROR - [video_processor.py:323] - 资源释放失败: 'NoneType' object has no attribute 'close'
2025-03-11 19:07:31 - ERROR - [video_processor.py:323] - 资源释放失败: 'NoneType' object has no attribute 'close'
2025-03-11 19:07:31 - INFO - [control_panel.py:234] - 所有摄像头已停止
2025-03-11 19:07:32 - INFO - [components.py:53] - 已切换到dark主题
2025-03-11 19:07:34 - INFO - [components.py:53] - 已切换到light主题
2025-03-11 19:07:35 - INFO - [components.py:53] - 已切换到dark主题
2025-03-11 19:07:36 - INFO - [components.py:53] - 已切换到light主题
2025-03-11 19:07:37 - INFO - [components.py:53] - 已切换到dark主题
2025-03-11 19:08:36 - INFO - [control_panel.py:234] - 所有摄像头已停止
2025-03-11 19:08:39 - INFO - [control_panel.py:270] - 系统正在关闭...
2025-03-11 19:08:39 - INFO - [control_panel.py:234] - 所有摄像头已停止
2025-03-11 19:26:55 - INFO - [config.py:183] - 系统配置初始化完成
2025-03-11 19:26:57 - INFO - [main.py:29] - 系统启动中...
2025-03-11 19:26:57 - INFO - [control_panel.py:107] - 界面组件初始化完成
2025-03-11 19:26:57 - INFO - [control_panel.py:42] - 控制面板初始化完成
2025-03-11 19:27:01 - INFO - [components.py:89] - 自动模式：已切换到dark主题
2025-03-11 19:27:01 - INFO - [components.py:63] - 已启用自动主题模式
2025-03-11 19:27:04 - INFO - [components.py:76] - 已切换到light主题
2025-03-11 19:27:05 - INFO - [components.py:89] - 自动模式：已切换到dark主题
2025-03-11 19:27:05 - INFO - [components.py:63] - 已启用自动主题模式
2025-03-11 19:27:09 - INFO - [components.py:76] - 已切换到light主题
2025-03-11 19:27:25 - INFO - [control_panel.py:194] - 参数设置已更新
2025-03-11 19:27:26 - WARNING - [video_processor.py:58] - 缺少音频文件: sounds/20S报警音.wav
2025-03-11 19:27:33 - WARNING - [video_processor.py:136] - 加载 sounds/20S报警音.wav 失败，使用备用音
2025-03-11 19:27:33 - INFO - [video_processor.py:48] - 摄像头0初始化完成
2025-03-11 19:27:33 - INFO - [control_panel.py:212] - 摄像头 0 已启动
2025-03-11 19:27:33 - WARNING - [video_processor.py:58] - 缺少音频文件: sounds/20S报警音.wav
2025-03-11 19:27:33 - ERROR - [video_processor.py:120] - 无法打开视频源: 1
2025-03-11 19:27:33 - ERROR - [video_processor.py:97] - 组件初始化失败: 无法打开视频源: 1
2025-03-11 19:27:33 - ERROR - [video_processor.py:50] - 摄像头1初始化失败: 组件初始化失败: 无法打开视频源: 1
Traceback (most recent call last):
  File "c:\Users\33881\Desktop\ICU_Mediapipe\modules\video_processor.py", line 91, in _init_components
    self.cap = self._init_capture()
  File "c:\Users\33881\Desktop\ICU_Mediapipe\modules\video_processor.py", line 121, in _init_capture
    raise RuntimeError(f"无法打开视频源: {source}")
RuntimeError: 无法打开视频源: 1

The above exception was the direct cause of the following exception:

Traceback (most recent call last):
  File "c:\Users\33881\Desktop\ICU_Mediapipe\modules\video_processor.py", line 47, in __init__
    self._init_components()
  File "c:\Users\33881\Desktop\ICU_Mediapipe\modules\video_processor.py", line 106, in _init_components
    raise ResourceError(error_msg, 1003) from e
modules.video_processor.VideoProcessor._init_components.<locals>.ResourceError: 组件初始化失败: 无法打开视频源: 1

2025-03-11 19:27:33 - ERROR - [camera_manager.py:63] - 启动摄像头1失败: 组件初始化失败: 无法打开视频源: 1
2025-03-11 19:27:33 - INFO - [control_panel.py:212] - 摄像头 1 已启动
2025-03-11 19:27:43 - INFO - [video_processor.py:238] - Camera 0 触发 10秒 报警
2025-03-11 19:27:47 - ERROR - [video_processor.py:323] - 资源释放失败: 'NoneType' object has no attribute 'close'
2025-03-11 19:27:47 - INFO - [control_panel.py:234] - 所有摄像头已停止
2025-03-11 19:27:48 - INFO - [control_panel.py:270] - 系统正在关闭...
2025-03-11 19:27:48 - INFO - [control_panel.py:234] - 所有摄像头已停止
2025-03-11 19:27:59 - INFO - [config.py:183] - 系统配置初始化完成
2025-03-11 19:28:01 - INFO - [main.py:29] - 系统启动中...
2025-03-11 19:28:01 - INFO - [control_panel.py:107] - 界面组件初始化完成
2025-03-11 19:28:01 - INFO - [control_panel.py:42] - 控制面板初始化完成
2025-03-11 19:28:12 - INFO - [video_processor.py:48] - 摄像头0初始化完成
2025-03-11 19:28:12 - INFO - [control_panel.py:212] - 摄像头 0 已启动
2025-03-11 19:28:16 - INFO - [video_processor.py:48] - 摄像头1初始化完成
2025-03-11 19:28:16 - INFO - [control_panel.py:212] - 摄像头 1 已启动
2025-03-11 19:28:31 - INFO - [video_processor.py:238] - Camera 1 触发 5秒 报警
2025-03-11 19:28:39 - INFO - [components.py:89] - 自动模式：已切换到dark主题
2025-03-11 19:28:39 - INFO - [components.py:63] - 已启用自动主题模式
2025-03-11 19:28:42 - ERROR - [video_processor.py:323] - 资源释放失败: 'NoneType' object has no attribute 'close'
2025-03-11 19:28:42 - ERROR - [video_processor.py:323] - 资源释放失败: 'NoneType' object has no attribute 'close'
2025-03-11 19:28:42 - INFO - [control_panel.py:234] - 所有摄像头已停止
2025-03-11 19:28:45 - INFO - [control_panel.py:270] - 系统正在关闭...
2025-03-11 19:28:45 - INFO - [control_panel.py:234] - 所有摄像头已停止
2025-03-11 19:53:22 - INFO - [config.py:185] - 系统配置初始化完成
2025-03-12 08:42:31 - INFO - ־ϵͳʼ
2025-03-12 08:42:31 - INFO - ϵͳóʼ
2025-03-12 08:42:33 - INFO - ϵͳ...
2025-03-12 08:42:33 - INFO - ýΪȼ
2025-03-12 08:42:34 - INFO - ʼ
2025-03-12 08:42:34 - INFO - ʼ
2025-03-12 08:42:45 - INFO - ͷ0ʼ
2025-03-12 08:42:45 - INFO - ͷ 0 
2025-03-12 08:42:46 - ERROR - ֡: 'VideoProcessor' object has no attribute 'processing_frame'
2025-03-12 08:42:46 - ERROR - ֡: 'VideoProcessor' object has no attribute 'processing_frame'
2025-03-12 08:42:46 - ERROR - ֡: 'VideoProcessor' object has no attribute 'processing_frame'
2025-03-12 08:42:46 - ERROR - ֡: 'VideoProcessor' object has no attribute 'processing_frame'
2025-03-12 08:42:46 - ERROR - ֡: 'VideoProcessor' object has no attribute 'processing_frame'
2025-03-12 08:42:46 - ERROR - ֡: 'VideoProcessor' object has no attribute 'processing_frame'
2025-03-12 08:42:46 - ERROR - ֡: 'VideoProcessor' object has no attribute 'processing_frame'
2025-03-12 08:42:46 - ERROR - ֡: 'VideoProcessor' object has no attribute 'processing_frame'
2025-03-12 08:42:46 - ERROR - ֡: 'VideoProcessor' object has no attribute 'processing_frame'
2025-03-12 08:42:46 - ERROR - ֡: 'VideoProcessor' object has no attribute 'processing_frame'
2025-03-12 08:42:46 - ERROR - ֡: 'VideoProcessor' object has no attribute 'processing_frame'
2025-03-12 08:42:46 - ERROR - ֡: 'VideoProcessor' object has no attribute 'processing_frame'
2025-03-12 08:42:46 - ERROR - ֡: 'VideoProcessor' object has no attribute 'processing_frame'
2025-03-12 08:42:46 - ERROR - ֡: 'VideoProcessor' object has no attribute 'processing_frame'
2025-03-12 08:42:46 - ERROR - ֡: 'VideoProcessor' object has no attribute 'processing_frame'
2025-03-12 08:42:46 - ERROR - ֡: 'VideoProcessor' object has no attribute 'processing_frame'
2025-03-12 08:42:47 - ERROR - ֡: 'VideoProcessor' object has no attribute 'processing_frame'
2025-03-12 08:42:47 - ERROR - ֡: 'VideoProcessor' object has no attribute 'processing_frame'
2025-03-12 08:42:47 - ERROR - ֡: 'VideoProcessor' object has no attribute 'processing_frame'
2025-03-12 08:42:47 - ERROR - ֡: 'VideoProcessor' object has no attribute 'processing_frame'
2025-03-12 08:42:47 - ERROR - ֡: 'VideoProcessor' object has no attribute 'processing_frame'
2025-03-12 08:42:47 - ERROR - ֡: 'VideoProcessor' object has no attribute 'processing_frame'
2025-03-12 08:42:47 - ERROR - ֡: 'VideoProcessor' object has no attribute 'processing_frame'
2025-03-12 08:42:47 - ERROR - ֡: 'VideoProcessor' object has no attribute 'processing_frame'
2025-03-12 08:42:47 - ERROR - ֡: 'VideoProcessor' object has no attribute 'processing_frame'
2025-03-12 08:42:47 - ERROR - ֡: 'VideoProcessor' object has no attribute 'processing_frame'
2025-03-12 08:42:47 - ERROR - ֡: 'VideoProcessor' object has no attribute 'processing_frame'
2025-03-12 08:42:47 - ERROR - ֡: 'VideoProcessor' object has no attribute 'processing_frame'
2025-03-12 08:42:47 - ERROR - ֡: 'VideoProcessor' object has no attribute 'processing_frame'
2025-03-12 08:42:47 - ERROR - ֡: 'VideoProcessor' object has no attribute 'processing_frame'
2025-03-12 08:42:47 - ERROR - ֡: 'VideoProcessor' object has no attribute 'processing_frame'
2025-03-12 08:42:47 - ERROR - ֡: 'VideoProcessor' object has no attribute 'processing_frame'
2025-03-12 08:42:47 - ERROR - ֡: 'VideoProcessor' object has no attribute 'processing_frame'
2025-03-12 08:42:47 - ERROR - ֡: 'VideoProcessor' object has no attribute 'processing_frame'
2025-03-12 08:42:47 - ERROR - ֡: 'VideoProcessor' object has no attribute 'processing_frame'
2025-03-12 08:42:47 - ERROR - ֡: 'VideoProcessor' object has no attribute 'processing_frame'
2025-03-12 08:42:48 - ERROR - ֡: 'VideoProcessor' object has no attribute 'processing_frame'
2025-03-12 08:42:48 - ERROR - ֡: 'VideoProcessor' object has no attribute 'processing_frame'
2025-03-12 08:42:48 - ERROR - ֡: 'VideoProcessor' object has no attribute 'processing_frame'
2025-03-12 08:42:48 - ERROR - ֡: 'VideoProcessor' object has no attribute 'processing_frame'
2025-03-12 08:42:48 - ERROR - ֡: 'VideoProcessor' object has no attribute 'processing_frame'
2025-03-12 08:42:48 - ERROR - ֡: 'VideoProcessor' object has no attribute 'processing_frame'
2025-03-12 08:42:48 - ERROR - ֡: 'VideoProcessor' object has no attribute 'processing_frame'
2025-03-12 08:42:48 - ERROR - ֡: 'VideoProcessor' object has no attribute 'processing_frame'
2025-03-12 08:42:48 - ERROR - ֡: 'VideoProcessor' object has no attribute 'processing_frame'
2025-03-12 08:42:48 - ERROR - ֡: 'VideoProcessor' object has no attribute 'processing_frame'
2025-03-12 08:42:48 - ERROR - ֡: 'VideoProcessor' object has no attribute 'processing_frame'
2025-03-12 08:42:48 - ERROR - ֡: 'VideoProcessor' object has no attribute 'processing_frame'
2025-03-12 08:42:48 - ERROR - ֡: 'VideoProcessor' object has no attribute 'processing_frame'
2025-03-12 08:42:48 - ERROR - ֡: 'VideoProcessor' object has no attribute 'processing_frame'
2025-03-12 08:42:48 - ERROR - ֡: 'VideoProcessor' object has no attribute 'processing_frame'
2025-03-12 08:42:48 - ERROR - ֡: 'VideoProcessor' object has no attribute 'processing_frame'
2025-03-12 08:42:48 - ERROR - ֡: 'VideoProcessor' object has no attribute 'processing_frame'
2025-03-12 08:42:48 - INFO - ͷ1ʼ
2025-03-12 08:42:48 - INFO - ͷ 1 
2025-03-12 08:42:48 - ERROR - ֡: 'VideoProcessor' object has no attribute 'processing_frame'
2025-03-12 08:42:48 - ERROR - ֡: 'VideoProcessor' object has no attribute 'processing_frame'
2025-03-12 08:42:49 - ERROR - ֡: 'VideoProcessor' object has no attribute 'processing_frame'
2025-03-12 08:42:49 - ERROR - ֡: 'VideoProcessor' object has no attribute 'processing_frame'
2025-03-12 08:42:49 - ERROR - ֡: 'VideoProcessor' object has no attribute 'processing_frame'
2025-03-12 08:42:49 - ERROR - ֡: 'VideoProcessor' object has no attribute 'processing_frame'
2025-03-12 08:42:49 - ERROR - ֡: 'VideoProcessor' object has no attribute 'processing_frame'
2025-03-12 08:42:49 - ERROR - ֡: 'VideoProcessor' object has no attribute 'processing_frame'
2025-03-12 08:42:49 - ERROR - ֡: 'VideoProcessor' object has no attribute 'processing_frame'
2025-03-12 08:42:49 - ERROR - ֡: 'VideoProcessor' object has no attribute 'processing_frame'
2025-03-12 08:42:49 - ERROR - ֡: 'VideoProcessor' object has no attribute 'processing_frame'
2025-03-12 08:42:49 - ERROR - ֡: 'VideoProcessor' object has no attribute 'processing_frame'
2025-03-12 08:42:49 - ERROR - ֡: 'VideoProcessor' object has no attribute 'processing_frame'
2025-03-12 08:42:49 - ERROR - ֡: 'VideoProcessor' object has no attribute 'processing_frame'
2025-03-12 08:42:49 - ERROR - ֡: 'VideoProcessor' object has no attribute 'processing_frame'
2025-03-12 08:42:49 - ERROR - ֡: 'VideoProcessor' object has no attribute 'processing_frame'
2025-03-12 08:42:49 - ERROR - ֡: 'VideoProcessor' object has no attribute 'processing_frame'
2025-03-12 08:42:49 - ERROR - ֡: 'VideoProcessor' object has no attribute 'processing_frame'
2025-03-12 08:42:49 - ERROR - ֡: 'VideoProcessor' object has no attribute 'processing_frame'
2025-03-12 08:42:49 - ERROR - ֡: 'VideoProcessor' object has no attribute 'processing_frame'
2025-03-12 08:42:49 - ERROR - ֡: 'VideoProcessor' object has no attribute 'processing_frame'
2025-03-12 08:42:49 - ERROR - ֡: 'VideoProcessor' object has no attribute 'processing_frame'
2025-03-12 08:42:49 - ERROR - ֡: 'VideoProcessor' object has no attribute 'processing_frame'
2025-03-12 08:42:49 - ERROR - ֡: 'VideoProcessor' object has no attribute 'processing_frame'
2025-03-12 08:42:49 - ERROR - ֡: 'VideoProcessor' object has no attribute 'processing_frame'
2025-03-12 08:42:49 - ERROR - ֡: 'VideoProcessor' object has no attribute 'processing_frame'
2025-03-12 08:42:49 - ERROR - ֡: 'VideoProcessor' object has no attribute 'processing_frame'
2025-03-12 08:42:49 - ERROR - ֡: 'VideoProcessor' object has no attribute 'processing_frame'
2025-03-12 08:42:49 - ERROR - ֡: 'VideoProcessor' object has no attribute 'processing_frame'
2025-03-12 08:42:49 - ERROR - ֡: 'VideoProcessor' object has no attribute 'processing_frame'
2025-03-12 08:42:49 - ERROR - ֡: 'VideoProcessor' object has no attribute 'processing_frame'
2025-03-12 08:42:49 - ERROR - ֡: 'VideoProcessor' object has no attribute 'processing_frame'
2025-03-12 08:42:49 - ERROR - ֡: 'VideoProcessor' object has no attribute 'processing_frame'
2025-03-12 08:42:49 - ERROR - ֡: 'VideoProcessor' object has no attribute 'processing_frame'
2025-03-12 08:42:49 - ERROR - ֡: 'VideoProcessor' object has no attribute 'processing_frame'
2025-03-12 08:42:49 - ERROR - ֡: 'VideoProcessor' object has no attribute 'processing_frame'
2025-03-12 08:42:50 - ERROR - ֡: 'VideoProcessor' object has no attribute 'processing_frame'
2025-03-12 08:42:50 - ERROR - ֡: 'VideoProcessor' object has no attribute 'processing_frame'
2025-03-12 08:42:50 - ERROR - ֡: 'VideoProcessor' object has no attribute 'processing_frame'
2025-03-12 08:42:50 - ERROR - ֡: 'VideoProcessor' object has no attribute 'processing_frame'
2025-03-12 08:42:50 - ERROR - ֡: 'VideoProcessor' object has no attribute 'processing_frame'
2025-03-12 08:42:50 - ERROR - ֡: 'VideoProcessor' object has no attribute 'processing_frame'
2025-03-12 08:42:50 - ERROR - ֡: 'VideoProcessor' object has no attribute 'processing_frame'
2025-03-12 08:42:50 - ERROR - ֡: 'VideoProcessor' object has no attribute 'processing_frame'
2025-03-12 08:42:50 - ERROR - ֡: 'VideoProcessor' object has no attribute 'processing_frame'
2025-03-12 08:42:50 - ERROR - ֡: 'VideoProcessor' object has no attribute 'processing_frame'
2025-03-12 08:42:50 - ERROR - ֡: 'VideoProcessor' object has no attribute 'processing_frame'
2025-03-12 08:42:50 - ERROR - ֡: 'VideoProcessor' object has no attribute 'processing_frame'
2025-03-12 08:42:50 - ERROR - ֡: 'VideoProcessor' object has no attribute 'processing_frame'
2025-03-12 08:42:50 - ERROR - ֡: 'VideoProcessor' object has no attribute 'processing_frame'
2025-03-12 08:42:50 - ERROR - ֡: 'VideoProcessor' object has no attribute 'processing_frame'
2025-03-12 08:42:50 - ERROR - ֡: 'VideoProcessor' object has no attribute 'processing_frame'
2025-03-12 08:42:50 - ERROR - ֡: 'VideoProcessor' object has no attribute 'processing_frame'
2025-03-12 08:42:50 - ERROR - ֡: 'VideoProcessor' object has no attribute 'processing_frame'
2025-03-12 08:42:50 - ERROR - ֡: 'VideoProcessor' object has no attribute 'processing_frame'
2025-03-12 08:42:50 - ERROR - ֡: 'VideoProcessor' object has no attribute 'processing_frame'
2025-03-12 08:42:50 - ERROR - ֡: 'VideoProcessor' object has no attribute 'processing_frame'
2025-03-12 08:42:50 - ERROR - ֡: 'VideoProcessor' object has no attribute 'processing_frame'
2025-03-12 08:42:50 - ERROR - ֡: 'VideoProcessor' object has no attribute 'processing_frame'
2025-03-12 08:42:50 - ERROR - ֡: 'VideoProcessor' object has no attribute 'processing_frame'
2025-03-12 08:42:50 - ERROR - ֡: 'VideoProcessor' object has no attribute 'processing_frame'
2025-03-12 08:42:50 - ERROR - ֡: 'VideoProcessor' object has no attribute 'processing_frame'
2025-03-12 08:42:50 - ERROR - ֡: 'VideoProcessor' object has no attribute 'processing_frame'
2025-03-12 08:42:50 - ERROR - ֡: 'VideoProcessor' object has no attribute 'processing_frame'
2025-03-12 08:42:50 - ERROR - ֡: 'VideoProcessor' object has no attribute 'processing_frame'
2025-03-12 08:42:50 - ERROR - ֡: 'VideoProcessor' object has no attribute 'processing_frame'
2025-03-12 08:42:50 - ERROR - ֡: 'VideoProcessor' object has no attribute 'processing_frame'
2025-03-12 08:42:50 - ERROR - ֡: 'VideoProcessor' object has no attribute 'processing_frame'
2025-03-12 08:42:50 - ERROR - ֡: 'VideoProcessor' object has no attribute 'processing_frame'
2025-03-12 08:42:50 - ERROR - ֡: 'VideoProcessor' object has no attribute 'processing_frame'
2025-03-12 08:42:50 - ERROR - ֡: 'VideoProcessor' object has no attribute 'processing_frame'
2025-03-12 08:42:50 - ERROR - ֡: 'VideoProcessor' object has no attribute 'processing_frame'
2025-03-12 08:42:50 - ERROR - ֡: 'VideoProcessor' object has no attribute 'processing_frame'
2025-03-12 08:42:51 - ERROR - ֡: 'VideoProcessor' object has no attribute 'processing_frame'
2025-03-12 08:42:51 - ERROR - ֡: 'VideoProcessor' object has no attribute 'processing_frame'
2025-03-12 08:42:51 - ERROR - ֡: 'VideoProcessor' object has no attribute 'processing_frame'
2025-03-12 08:42:51 - ERROR - ֡: 'VideoProcessor' object has no attribute 'processing_frame'
2025-03-12 08:42:51 - ERROR - Դͷʧ: 'NoneType' object has no attribute 'close'
2025-03-12 08:42:51 - ERROR - ֡: 'VideoProcessor' object has no attribute 'processing_frame'
2025-03-12 08:42:51 - ERROR - Դͷʧ: 'NoneType' object has no attribute 'close'
2025-03-12 08:42:51 - INFO - ͷֹͣ
2025-03-12 08:42:53 - INFO - ϵͳڹر...
2025-03-12 08:42:53 - INFO - ͷֹͣ
2025-03-12 08:57:05 - INFO - [config.py:183] - 系统配置初始化完成
2025-03-12 08:57:07 - INFO - [main.py:29] - 系统启动中...
2025-03-12 08:57:07 - INFO - [control_panel.py:107] - 界面组件初始化完成
2025-03-12 08:57:07 - INFO - [control_panel.py:42] - 控制面板初始化完成
2025-03-12 08:57:18 - INFO - [video_processor.py:48] - 摄像头0初始化完成
2025-03-12 08:57:18 - INFO - [control_panel.py:212] - 摄像头 0 已启动
2025-03-12 08:57:22 - INFO - [video_processor.py:48] - 摄像头1初始化完成
2025-03-12 08:57:22 - INFO - [control_panel.py:212] - 摄像头 1 已启动
2025-03-12 08:57:27 - INFO - [video_processor.py:317] - Camera 1 触发 5秒 报警
2025-03-12 08:57:29 - INFO - [video_processor.py:317] - Camera 0 触发 5秒 报警
2025-03-12 08:57:32 - INFO - [video_processor.py:317] - Camera 1 触发 10秒 报警
2025-03-12 08:57:34 - INFO - [video_processor.py:317] - Camera 0 触发 10秒 报警
2025-03-12 08:57:37 - INFO - [video_processor.py:317] - Camera 1 触发 15秒 报警
2025-03-12 08:57:52 - INFO - [video_processor.py:317] - Camera 1 触发 30秒 报警
2025-03-12 08:58:19 - INFO - [video_processor.py:317] - Camera 1 触发 5秒 报警
2025-03-12 08:58:22 - INFO - [video_processor.py:317] - Camera 0 触发 5秒 报警
2025-03-12 08:58:24 - INFO - [video_processor.py:317] - Camera 1 触发 10秒 报警
2025-03-12 08:58:27 - INFO - [video_processor.py:317] - Camera 0 触发 10秒 报警
2025-03-12 08:58:29 - INFO - [video_processor.py:317] - Camera 1 触发 15秒 报警
2025-03-12 08:58:32 - INFO - [video_processor.py:317] - Camera 0 触发 15秒 报警
2025-03-12 08:58:44 - INFO - [video_processor.py:317] - Camera 1 触发 30秒 报警
2025-03-12 08:58:47 - INFO - [video_processor.py:317] - Camera 0 触发 30秒 报警
2025-03-12 08:58:49 - ERROR - [video_processor.py:434] - 资源释放失败: 'NoneType' object has no attribute 'close'
2025-03-12 08:58:49 - ERROR - [video_processor.py:434] - 资源释放失败: 'NoneType' object has no attribute 'close'
2025-03-12 08:58:49 - INFO - [control_panel.py:234] - 所有摄像头已停止
2025-03-12 08:58:56 - INFO - [video_processor.py:48] - 摄像头0初始化完成
2025-03-12 08:58:56 - INFO - [control_panel.py:212] - 摄像头 0 已启动
2025-03-12 08:58:59 - INFO - [video_processor.py:48] - 摄像头1初始化完成
2025-03-12 08:58:59 - INFO - [control_panel.py:212] - 摄像头 1 已启动
2025-03-12 08:59:01 - INFO - [video_processor.py:317] - Camera 0 触发 5秒 报警
2025-03-12 08:59:03 - ERROR - [video_processor.py:434] - 资源释放失败: 'NoneType' object has no attribute 'close'
2025-03-12 08:59:03 - ERROR - [video_processor.py:434] - 资源释放失败: 'NoneType' object has no attribute 'close'
2025-03-12 08:59:03 - INFO - [control_panel.py:234] - 所有摄像头已停止
2025-03-12 08:59:05 - INFO - [control_panel.py:262] - 所有摄像头状态已重置
2025-03-12 08:59:10 - INFO - [control_panel.py:270] - 系统正在关闭...
2025-03-12 08:59:10 - INFO - [control_panel.py:234] - 所有摄像头已停止
2025-03-12 13:49:48 - INFO - [config.py:183] - 系统配置初始化完成
2025-03-12 13:49:50 - INFO - [main.py:29] - 系统启动中...
2025-03-12 13:49:51 - INFO - [control_panel.py:107] - 界面组件初始化完成
2025-03-12 13:49:51 - INFO - [control_panel.py:42] - 控制面板初始化完成
2025-03-12 13:49:54 - INFO - [control_panel.py:234] - 所有摄像头已停止
2025-03-12 13:49:56 - INFO - [control_panel.py:270] - 系统正在关闭...
2025-03-12 13:49:56 - INFO - [control_panel.py:234] - 所有摄像头已停止
2025-03-12 14:42:07 - INFO - [config.py:183] - 系统配置初始化完成
2025-03-12 14:42:09 - INFO - [main.py:29] - 系统启动中...
2025-03-12 14:42:09 - INFO - [control_panel.py:107] - 界面组件初始化完成
2025-03-12 14:42:09 - INFO - [control_panel.py:42] - 控制面板初始化完成
2025-03-12 14:43:19 - INFO - [control_panel.py:234] - 所有摄像头已停止
2025-03-12 14:43:20 - INFO - [control_panel.py:270] - 系统正在关闭...
2025-03-12 14:43:20 - INFO - [control_panel.py:234] - 所有摄像头已停止
2025-03-12 18:39:36 - INFO - [config.py:183] - 系统配置初始化完成
2025-03-12 18:39:38 - INFO - [main.py:29] - 系统启动中...
2025-03-12 18:39:39 - INFO - [control_panel.py:107] - 界面组件初始化完成
2025-03-12 18:39:39 - INFO - [control_panel.py:42] - 控制面板初始化完成
2025-03-12 18:39:49 - INFO - [control_panel.py:234] - 所有摄像头已停止
2025-03-12 18:39:52 - INFO - [control_panel.py:270] - 系统正在关闭...
2025-03-12 18:39:52 - INFO - [control_panel.py:234] - 所有摄像头已停止
